        at android.location.LocationManager.requestLocationUpdates(LocationManager.java:1155)
        at android.location.LocationManager.requestLocationUpdates(LocationManager.java:741)
        at bhem.a(:com.google.android.gms@17785039@17.7.85 (100408-253824076):9)
        at bhep.a(:com.google.android.gms@17785039@17.7.85 (100408-253824076):3)
        at bheo.a(Unknown Source:0)
        at bfxi.a(:com.google.android.gms@17785039@17.7.85 (100408-253824076):8)
        at bfxh.f(Unknown Source:7)
        at bfxh.c(:com.google.android.gms@17785039@17.7.85 (100408-253824076):2)
        at com.google.android.location.fused.FusionEngine.a(:com.google.android.gms@17785039@17.7.85 (100408-253824076):108)
        at bfuk.a(:com.google.android.gms@17785039@17.7.85 (100408-253824076):16)
        at bfrq.a(:com.google.android.gms@17785039@17.7.85 (100408-253824076):5)
        at bfrj.a(:com.google.android.gms@17785039@17.7.85 (100408-253824076):5)
        at bftm.a(:com.google.android.gms@17785039@17.7.85 (100408-253824076):12)
        at com.google.android.location.fused.StationaryThrottlingEngine.a(:com.google.android.gms@17785039@17.7.85 (100408-253824076):12)
        at bfrd.a(:com.google.android.gms@17785039@17.7.85 (100408-253824076):5)
        at bfun.a(:com.google.android.gms@17785039@17.7.85 (100408-253824076):3)
        at com.google.android.location.fused.StationaryThrottlingEngine.a(:com.google.android.gms@17785039@17.7.85 (100408-253824076):12)
        at bfvs.a(:com.google.android.gms@17785039@17.7.85 (100408-253824076):3)
        at bfrf.a(:com.google.android.gms@17785039@17.7.85 (100408-253824076):2)
        at bfuw.a(:com.google.android.gms@17785039@17.7.85 (100408-253824076):1)
        at bfvg.handleMessage(:com.google.android.gms@17785039@17.7.85 (100408-253824076):4)
        at android.os.Handler.dispatchMessage(Handler.java:109)
        at aeze.a(:com.google.android.gms@17785039@17.7.85 (100408-253824076):3)
        at aeze.dispatchMessage(:com.google.android.gms@17785039@17.7.85 (100408-253824076):4)
        at bhfa.a(:com.google.android.gms@17785039@17.7.85 (100408-253824076):5)
        at aeze.dispatchMessage(:com.google.android.gms@17785039@17.7.85 (100408-253824076):4)
        at android.os.Looper.loop(Looper.java:207)
        at android.os.HandlerThread.run(HandlerThread.java:65)
2019-08-19 09:51:26.815 14225-14259/? I/GCore-Chimera-Crash: ChwKDmNvbnRhaW5lci1vbmx5EM7GbBhAIPiwzKBCIAA=
    GCore-Chimera-Crash
2019-08-19 09:51:26.818 14225-14259/? I/DeviceDrDatabaseHelper: Cleaning stale data from database!
2019-08-19 09:51:26.853 14225-14259/? W/DeviceDoctorHandler: Crash Hash: 1591297e19b98b00a420d6e4d2f714b55ca1a1a4
2019-08-19 09:51:26.854 14225-14225/? D/WorkSource: Insert in WorkSource{} @ 0 uid 10020 name com.google.android.gms
2019-08-19 09:51:26.873 14225-14259/? W/DeviceDoctorHandler: Shushing due to low average crash frequency.
2019-08-19 09:51:26.873 14225-14259/? E/DeviceDoctorHandler: FATAL EXCEPTION: FlpThread
    Process: com.google.android.gms.persistent, PID: 14225
    java.lang.SecurityException: "passive" location provider requires ACCESS_FINE_LOCATION permission.
        at android.os.Parcel.createException(Parcel.java:1953)
        at android.os.Parcel.readException(Parcel.java:1921)
        at android.os.Parcel.readException(Parcel.java:1871)
        at android.location.ILocationManager$Stub$Proxy.requestLocationUpdates(ILocationManager.java:755)
        at android.location.LocationManager.requestLocationUpdates(LocationManager.java:1155)
        at android.location.LocationManager.requestLocationUpdates(LocationManager.java:741)
        at bhem.a(:com.google.android.gms@17785039@17.7.85 (100408-253824076):9)
        at bhep.a(:com.google.android.gms@17785039@17.7.85 (100408-253824076):3)
        at bheo.a(Unknown Source:0)
        at bfxi.a(:com.google.android.gms@17785039@17.7.85 (100408-253824076):8)
        at bfxh.f(Unknown Source:7)
        at bfxh.c(:com.google.android.gms@17785039@17.7.85 (100408-253824076):2)
        at com.google.android.location.fused.FusionEngine.a(:com.google.android.gms@17785039@17.7.85 (100408-253824076):108)
        at bfuk.a(:com.google.android.gms@17785039@17.7.85 (100408-253824076):16)
        at bfrq.a(:com.google.android.gms@17785039@17.7.85 (100408-253824076):5)
        at bfrj.a(:com.google.android.gms@17785039@17.7.85 (100408-253824076):5)
        at bftm.a(:com.google.android.gms@17785039@17.7.85 (100408-253824076):12)
        at com.google.android.location.fused.StationaryThrottlingEngine.a(:com.google.android.gms@17785039@17.7.85 (100408-253824076):12)
        at bfrd.a(:com.google.android.gms@17785039@17.7.85 (100408-253824076):5)
        at bfun.a(:com.google.android.gms@17785039@17.7.85 (100408-253824076):3)
        at com.google.android.location.fused.StationaryThrottlingEngine.a(:com.google.android.gms@17785039@17.7.85 (100408-253824076):12)
        at bfvs.a(:com.google.android.gms@17785039@17.7.85 (100408-253824076):3)
        at bfrf.a(:com.google.android.gms@17785039@17.7.85 (100408-253824076):2)
        at bfuw.a(:com.google.android.gms@17785039@17.7.85 (100408-253824076):1)
        at bfvg.handleMessage(:com.google.android.gms@17785039@17.7.85 (100408-253824076):4)
        at android.os.Handler.dispatchMessage(Handler.java:109)
        at aeze.a(:com.google.android.gms@17785039@17.7.85 (100408-253824076):3)
        at aeze.dispatchMessage(:com.google.android.gms@17785039@17.7.85 (100408-253824076):4)
        at bhfa.a(:com.google.android.gms@17785039@17.7.85 (100408-253824076):5)
        at aeze.dispatchMessage(:com.google.android.gms@17785039@17.7.85 (100408-253824076):4)
        at android.os.Looper.loop(Looper.java:207)
        at android.os.HandlerThread.run(HandlerThread.java:65)
2019-08-19 09:51:26.878 14225-14259/? I/Process: Sending signal. PID: 14225 SIG: 9
2019-08-19 09:51:26.898 1295-6330/? W/BroadcastQueue: Exception when sending broadcast to ComponentInfo{com.google.android.gms/com.google.android.gms.chimera.GmsIntentOperationService$PersistentTrustedReceiver}
    android.os.DeadObjectException
        at android.os.BinderProxy.transactNative(Native Method)
        at android.os.BinderProxy.transact(Binder.java:1147)
        at android.app.IApplicationThread$Stub$Proxy.scheduleReceiver(IApplicationThread.java:953)
        at com.android.server.am.BroadcastQueue.processCurBroadcastLocked(BroadcastQueue.java:465)
        at com.android.server.am.BroadcastQueue.processNextBroadcastLocked(BroadcastQueue.java:1653)
        at com.android.server.am.ActivityManagerService.finishReceiver(ActivityManagerService.java:23896)
        at android.app.IActivityManager$Stub.onTransact$finishReceiver$(IActivityManager.java:10242)
        at android.app.IActivityManager$Stub.onTransact(IActivityManager.java:189)
        at com.android.server.am.ActivityManagerService.onTransact(ActivityManagerService.java:3628)
        at com.android.server.am.HwActivityManagerService.onTransact(HwActivityManagerService.java:754)
        at android.os.Binder.execTransact(Binder.java:739)
2019-08-19 09:51:26.899 1295-6330/? W/AwareLog: HwMtmBroadcastResourceManager: iaware_brjob not process: ResolveInfo{3471d81 com.google.android.gms/.chimera.GmsIntentOperationService$PersistentTrustedReceiver m=0x108000}, filter: null, count: null
2019-08-19 09:51:26.899 1295-6330/? V/ActivityManager: startProcess: name=com.google.android.gms.persistent app=ProcessRecord{e379206 14225:com.google.android.gms.persistent/u0a20} knownToBeDead=true thread=android.app.IApplicationThread$Stub$Proxy@30b0e26 pid=14225
2019-08-19 09:51:26.899 1295-6330/? D/ActivityManager: cleanUpApplicationRecord app: ProcessRecord{e379206 14225:com.google.android.gms.persistent/u0a20}, app.bad: false, restarting: true, allowRestart: true
2019-08-19 09:51:26.899 1295-1336/? W/libprocessgroup: kill(-14225, 9) failed: No such process
2019-08-19 09:51:26.900 1295-6330/? W/ActivityManager: Scheduling restart of crashed service com.google.android.gms/com.google.android.location.internal.GoogleLocationManagerService in 65536000ms
2019-08-19 09:51:26.900 1295-6330/? W/ActivityManager: Scheduling restart of crashed service com.google.android.gms/.usagereporting.service.UsageReportingService in 1000ms
2019-08-19 09:51:26.900 1295-6330/? W/ActivityManager: Scheduling restart of crashed service com.google.android.gms/.chimera.PersistentApiService in 11000ms
2019-08-19 09:51:26.900 1295-6330/? W/ActivityManager: Canceling start item Intent { hwFlg=0x100 cmp=com.google.android.gms/com.google.android.location.internal.server.GoogleLocationService (has extras) } in service ComponentInfo{com.google.android.gms/com.google.android.location.internal.server.GoogleLocationService}
2019-08-19 09:51:26.900 1295-6330/? W/ActivityManager: Canceling start item Intent { act=com.google.android.location.internal.GMS_NLP pkg=com.google.android.gms (has extras) } in service ComponentInfo{com.google.android.gms/com.google.android.location.internal.server.GoogleLocationService}
2019-08-19 09:51:26.901 1295-6330/? I/chatty: uid=1000(system) Binder:1295_14 identical 5 lines
2019-08-19 09:51:26.901 1295-6330/? W/ActivityManager: Canceling start item Intent { act=com.google.android.location.internal.GMS_NLP pkg=com.google.android.gms (has extras) } in service ComponentInfo{com.google.android.gms/com.google.android.location.internal.server.GoogleLocationService}
2019-08-19 09:51:26.901 1295-6330/? W/ActivityManager: Scheduling restart of crashed service com.google.android.gms/com.google.android.location.internal.server.GoogleLocationService in 2031616000ms
2019-08-19 09:51:26.901 1295-6330/? W/ActivityManager: Scheduling restart of crashed service com.google.android.gms/com.google.android.location.reporting.service.ReportingAndroidService in 20999ms
2019-08-19 09:51:26.901 1295-6330/? W/ActivityManager: Scheduling restart of crashed service com.google.android.gms/.lockbox.service.LockboxBrokerService in 30999ms
2019-08-19 09:51:26.901 1295-6330/? W/ActivityManager: Scheduling restart of crashed service com.google.android.gms/com.google.android.contextmanager.service.ContextManagerService in 4653056000ms
2019-08-19 09:51:26.910 1876-2635/? E/HsmCoreServiceImpl: onTransact in code is: 102
2019-08-19 09:51:26.910 1876-2635/? I/MediaProcessHandler: processOp opType: 1, uid: 10020, pid: 14225
2019-08-19 09:51:26.910 1876-2635/? W/MediaProcessHandler: remove target not exist, maybe the UI process: uid: 10020, pid: 14225
2019-08-19 09:51:26.910 1876-2635/? I/MediaProcessHandler: executedCallBack opType: 1 mMediaStatusObservers.size=0
2019-08-19 09:51:26.911 1876-1891/? I/BoosterSwitchP: notifyUidState do nothing
2019-08-19 09:51:26.911 1876-1891/? I/DeepNoDisturbP: notifyUidState
2019-08-19 09:51:26.911 1876-1891/? I/HidataAppQoeP: notifyUidState
2019-08-19 09:51:26.911 1876-1891/? I/BrowserChrP: notifyUidState
2019-08-19 09:51:26.911 1944-2975/? W/AwareLog: SmartIO2DMEPlugin: unknown process state: 2
2019-08-19 09:51:26.924 1295-6330/? I/ActivityManager: startProcess: reset pid for ProcessRecord{e379206 0:com.google.android.gms.persistent/u0a20}
2019-08-19 09:51:26.940 18664-18695/? W/PlatformStatsUtil: Could not connect to Google API Client, giving up...
2019-08-19 09:51:26.942 555-555/? I/Zygote: Process 14225 exited due to signal (9)
2019-08-19 09:51:26.942 1295-1336/? W/libprocessgroup: kill(-14225, 9) failed: No such process
2019-08-19 09:51:26.942 1295-1336/? I/libprocessgroup: Successfully killed process cgroup uid 10020 pid 14225 in 43ms
2019-08-19 09:51:26.974 1295-1335/? I/ActivityManager: Start proc 14261:com.google.android.gms.persistent/u0a20 for broadcast com.google.android.gms/.chimera.GmsIntentOperationService$PersistentTrustedReceiver
2019-08-19 09:51:26.976 1295-1856/? E/ProcessInfoCollector: getProcessInfo: failed to find this proc 
2019-08-19 09:51:26.978 14261-14261/? I/.gms.persisten: Reinit property: dalvik.vm.checkjni= false
2019-08-19 09:51:26.980 14261-14261/? E/.gms.persisten: Not starting debugger since process cannot load the jdwp agent.
2019-08-19 09:51:26.989 14261-14261/? D/ZrHung.AppEyeUiProbe: AppEyeUIP created.
2019-08-19 09:51:26.991 14261-14261/? D/ActivityThread: Attach thread to application
2019-08-19 09:51:27.006 14261-14261/? I/HwLogExceptionInner: Log blacklist 
2019-08-19 09:51:27.010 14261-14261/? I/.gms.persisten: The ClassLoaderContext is a special shared library.
2019-08-19 09:51:27.011 14261-14261/? I/chatty: uid=10020 com.google.android.gms.persistent identical 1 line
2019-08-19 09:51:27.012 14261-14261/? I/.gms.persisten: The ClassLoaderContext is a special shared library.
2019-08-19 09:51:27.018 14261-14275/? I/HwApiCacheMangerEx: apicache path=/storage/emulated/0 state=mounted key=com.google.android.gms#10020#256
2019-08-19 09:51:27.018 14261-14275/? I/HwApiCacheMangerEx: apicache path=/storage/emulated/0 state=mounted key=com.google.android.gms#10020#0
2019-08-19 09:51:27.021 677-677/? I/aptouch_daemon: filter_touch_detect, down, in: 1, out: 1
2019-08-19 09:51:27.056 14261-14261/? I/AwareBitmapCacher: init processName:com.google.android.gms.persistent pid=14261 uid=10020
2019-08-19 09:51:27.064 577-577/? I/GRALLOC: getCallingPid=628, shrFd=31,fmt=0x1,intFmt=0x200000001,btStrd=4352,size=10399744,pid=577 
    	 yuv=2,w=1080,h=2340,Stride u=0 v=0,offset u=0 v=0 
    	 iova_size=10399744,conUsg=0xb00,proUsg=0xb00,	 strd=1088,[afbc]HdrStrd=1088 PyldStrd=69632 Scrmbl=2,ionhnd = 1 
2019-08-19 09:51:27.080 14261-14261/? W/DynamiteModule: Local module descriptor class for providerinstaller not found.
2019-08-19 09:51:27.081 577-577/? I/GRALLOC: getCallingPid=628, shrFd=31,fmt=0x1,intFmt=0x200000001,btStrd=4352,size=10399744,pid=577 
    	 yuv=2,w=1080,h=2340,Stride u=0 v=0,offset u=0 v=0 
    	 iova_size=10399744,conUsg=0xb00,proUsg=0xb00,	 strd=1088,[afbc]HdrStrd=1088 PyldStrd=69632 Scrmbl=2,ionhnd = 1 
2019-08-19 09:51:27.081 578-578/? W/hwcomposer: setGpuFreqBoost:153: boostGpuFreq release !
2019-08-19 09:51:27.085 14261-14261/? W/ProviderHelper: Unknown dynamite feature providerinstaller
2019-08-19 09:51:27.087 14261-14261/? I/DynamiteModule: Considering local module providerinstaller:0 and remote module providerinstaller:0
2019-08-19 09:51:27.087 14261-14261/? W/ProviderInstaller: Failed to load providerinstaller module: No acceptable module found. Local version is 0 and remote version is 0.
2019-08-19 09:51:27.092 14261-14261/? V/NativeCrypto: Registering com/google/android/gms/org/conscrypt/NativeCrypto's 284 native methods...
2019-08-19 09:51:27.104 14261-14261/? D/NetworkSecurityConfig: Using Network Security Config from resource network_security_config debugBuild: false
2019-08-19 09:51:27.106 14261-14261/? I/ProviderInstaller: Installed default security provider GmsCore_OpenSSL
2019-08-19 09:51:27.111 677-677/? I/aptouch_daemon: filter_touch_detect, all_touch_up
2019-08-19 09:51:27.133 14261-14261/? I/GmsApplication: Registering the BackgroundBroadcastReceiverSupport receiver.
2019-08-19 09:51:27.135 21279-21279/? D/HwAppInnerBoostImpl: asyncReportData mobi.soulgame.littlegamecenter,2,1,1,0 interval=112
2019-08-19 09:51:27.136 605-3078/? E/uniperfserver: uniPerfEvent doParse failed, cmdId=4400
2019-08-19 09:51:27.137 605-3078/? D/uniperfhal: do uniPerfEvent failed, cmdId=4400, ret=2
2019-08-19 09:51:27.149 14261-14261/? I/GmsReceiverSupport: Registered Receiver for 19+1 IntentFilters
2019-08-19 09:51:27.158 14261-14261/? W/Primes: Primes not initialized, returning default (no-op) Primes instance which will ignore all calls. Please call Primes.initialize(...) before using any Primes API.
2019-08-19 09:51:27.165 14261-14275/? E/MemoryLeakMonitorManager: MemoryLeakMonitor.jar is not exist!
2019-08-19 09:51:27.210 1295-6719/? V/BroadcastQueue: Finished with ordered broadcast BroadcastRecord{611b08b u0 android.intent.action.DROPBOX_ENTRY_ADDED}
2019-08-19 09:51:27.226 14261-14261/? I/DynamiteModule: Considering local module com.google.android.gms.googlecertificates:4 and remote module com.google.android.gms.googlecertificates:4
2019-08-19 09:51:27.226 14261-14261/? I/DynamiteModule: Selected local version of com.google.android.gms.googlecertificates
2019-08-19 09:51:27.235 21279-21279/? V/AudioManager: playSoundEffect   effectType: 0
2019-08-19 09:51:27.235 21279-21279/? V/AudioManager: querySoundEffectsEnabled...
2019-08-19 09:51:27.243 1295-1321/? I/ActivityManager: START u0 {cmp=mobi.soulgame.littlegamecenter/.cocos.activity.CocosAcvity (has extras)} from uid 10657
2019-08-19 09:51:27.244 1295-1321/? I/ActivityManager: ActivityRecord info: ActivityInfo{5eaca99 mobi.soulgame.littlegamecenter.cocos.activity.CocosAcvity}
2019-08-19 09:51:27.250 720-734/? D/AwareLog: iawared: workingset_process_command subCmd = 354, uid=10657, pid=0, mobi.soulgame.littlegamecenter
2019-08-19 09:51:27.250 1295-1321/? V/WindowManager: addAppToken: AppWindowToken{f82c20c token=Token{5db393f ActivityRecord{a09115e u0 mobi.soulgame.littlegamecenter/.cocos.activity.CocosAcvity t55}}} controller={TaskWindowContainerController taskId=55} at 2147483647
2019-08-19 09:51:27.250 720-734/? D/AwareLog: iawared: workingset_send_preread_msg mobi.soulgame.littlegamecenter
2019-08-19 09:51:27.250 720-734/? D/AwareLog: iawared: workingsetStart mobi.soulgame.littlegamecenter in monitor0
2019-08-19 09:51:27.253 1295-1329/? W/HwActivityManagerServiceEx: HwActivityNotifier end call android.app.IHwActivityNotifier$Stub$Proxy@cfb07c5 for activityLifeState under user 0 cost 0
2019-08-19 09:51:27.258 21279-21279/? D/multi_mai: gameFragmentroomId=,roomType=
2019-08-19 09:51:27.258 21279-21279/? I/<=ActivityLifecycle=>: onActivityPaused()mobi.soulgame.littlegamecenter.HomeActivity:mobi.soulgame.littlegamecenter.HomeActivity@9944811
2019-08-19 09:51:27.259 21279-21279/? D/HMSAgent: Activity(1823)->Application(260)->ActivityMgr(205)->onActivityPaused
    onPaused:mobi.soulgame.littlegamecenter.HomeActivity@9944811
2019-08-19 09:51:27.259 21279-21279/? D/ZrHung.AppEyeUiProbe: stop checker.
2019-08-19 09:51:27.260 1295-6330/? V/ActivityManager: startProcess: name=mobi.soulgame.littlegamecenter:CocosGame app=null knownToBeDead=true thread=null pid=-1
2019-08-19 09:51:27.262 1295-6330/? V/ActivityManager: startProcess: name=mobi.soulgame.littlegamecenter:CocosGame app=ProcessRecord{4d42a5b 0:mobi.soulgame.littlegamecenter:CocosGame/u0a657} knownToBeDead=true thread=null pid=0
2019-08-19 09:51:27.266 1295-1329/? W/HwActivityManagerServiceEx: HwActivityNotifier end call android.app.IHwActivityNotifier$Stub$Proxy@cfb07c5 for activityLifeState under user 0 cost 0
2019-08-19 09:51:27.267 1295-1566/? D/HiTouch_PressGestureDetector: HiTouch on notch display, height corret:90
2019-08-19 09:51:27.268 628-628/? D/Layer: Skip in Layer::computeScreenBounds 1
2019-08-19 09:51:27.273 1295-1566/? V/WindowManager: addWindow: Window{cca8e0e u0 Splash Screen mobi.soulgame.littlegamecenter}
2019-08-19 09:51:27.273 1295-1566/? D/HwPhoneWindowManager: sensorRotation = -1 lastRotation:0
2019-08-19 09:51:27.284 1295-1574/? D/HwBatteryService: onUEvent fcpStatus = 0,scpStatus =0,ovpStatus=0
2019-08-19 09:51:27.284 1295-1574/? I/HwBatteryService: quick charge status : 0
2019-08-19 09:51:27.284 1295-1574/? I/HwBatteryService: handleWirelessTxStatus
2019-08-19 09:51:27.284 1295-1574/? I/HwBatteryService: switch not open, return, mWirelessTxFlag : 0
2019-08-19 09:51:27.285 628-628/? D/Layer: Skip in Layer::computeScreenBounds 1
2019-08-19 09:51:27.285 1295-1574/? I/UsbDeviceManager: water_intrused state= 0
2019-08-19 09:51:27.290 1295-14292/? D/PackageManager: resolve intent for uid:1000, matchs:3, res:ResolveInfo{65af02f com.huawei.android.launcher/.unihome.UniHomeLauncher m=0x108000}
2019-08-19 09:51:27.285 628-628/? I/chatty: uid=1000(system) /system/bin/surfaceflinger identical 8 lines
2019-08-19 09:51:27.285 628-628/? D/Layer: Skip in Layer::computeScreenBounds 1
2019-08-19 09:51:27.291 1295-14292/? I/HiTouch_HiTouchSensor: enabledInPad = false,isPcCastMode = false
2019-08-19 09:51:27.294 737-2931/? E/iMonitor: FaultDetect: DUMPTOOL_PRINTF return.
2019-08-19 09:51:27.295 737-2931/? I/chatty: uid=0(root) engine identical 1 line
2019-08-19 09:51:27.295 737-2931/? E/iMonitor: FaultDetect: DUMPTOOL_PRINTF return.
2019-08-19 09:51:27.295 1944-3201/? I/PGServer: android calls fast hibernateApps
2019-08-19 09:51:27.295 1944-3201/? I/AppFastHibernation: fast hibernate duration: 1500 reason: start activity
2019-08-19 09:51:27.295 720-20332/? I/Pged-IPgedBinderService: ****action is 1, pid num is 4***
2019-08-19 09:51:27.295 720-20332/? I/Pged-Freezer: freezePids
2019-08-19 09:51:27.295 720-20332/? I/Pged-Freezer: Freeze process: 11042
2019-08-19 09:51:27.295 720-20332/? I/Pged-Freezer: Freeze process: 20334
2019-08-19 09:51:27.295 14288-14288/? I/enter:CocosGam: Reinit property: dalvik.vm.checkjni= false
2019-08-19 09:51:27.296 720-20332/? I/Pged-Freezer: Freeze process: 26256
2019-08-19 09:51:27.296 737-2931/? I/iMonitor: mF1name= android.os.Parcel.createException,mF2name = unknown 
2019-08-19 09:51:27.296 1944-2331/? D/PgedBinderAdapter: frz ok, pid: [11042, 20334, 26256]
2019-08-19 09:51:27.297 720-734/? D/AwareLog: iawared: workingset_process_command subCmd = 354, uid=10657, pid=0, mobi.soulgame.littlegamecenter
2019-08-19 09:51:27.297 720-734/? D/AwareLog: iawared: workingsetStart mobi.soulgame.littlegamecenter in monitor0
2019-08-19 09:51:27.297 1295-1566/? D/ZrHung.AppEyeFocusWindow: FocusWindowErrorScene CheckFreezeScreen
2019-08-19 09:51:27.297 1295-6719/? I/HwPackageManagerService: app:com.google.android.gms.persistent, not exists!
2019-08-19 09:51:27.297 737-2931/? E/iMonitor: FaultDetect: DUMPTOOL_PRINTF return.
2019-08-19 09:51:27.298 14288-14288/? E/enter:CocosGam: Not starting debugger since process cannot load the jdwp agent.
2019-08-19 09:51:27.298 737-2931/? E/iMonitor: FaultDetect: DUMPTOOL_PRINTF return.
2019-08-19 09:51:27.298 737-2931/? E/iMonitor: FaultDetect: DUMPTOOL_PRINTF return.
2019-08-19 09:51:27.299 737-2931/? I/iMonitor: create: 901001001
2019-08-19 09:51:27.299 737-2931/? E/iMonitor: FaultDetect: DUMPTOOL_PRINTF return.
2019-08-19 09:51:27.299 737-2931/? I/iMonitor: send: 901001001
2019-08-19 09:51:27.299 737-2931/? E/iMonitor: FaultDetect: DUMPTOOL_PRINTF return.
2019-08-19 09:51:27.300 737-2931/? E/iMonitor: FaultDetect: DUMPTOOL_PRINTF return.
2019-08-19 09:51:27.301 628-628/? D/Layer: Skip in Layer::computeScreenBounds 1
2019-08-19 09:51:27.302 628-628/? I/chatty: uid=1000(system) /system/bin/surfaceflinger identical 8 lines
2019-08-19 09:51:27.303 628-628/? D/Layer: Skip in Layer::computeScreenBounds 1
2019-08-19 09:51:27.303 577-577/? I/GRALLOC: getCallingPid=628, shrFd=31,fmt=0x1,intFmt=0x1,btStrd=4352,size=10186752,pid=577 
    	 yuv=2,w=1080,h=2340,Stride u=0 v=0,offset u=0 v=0 
    	 iova_size=10186752,conUsg=0x906,proUsg=0x966,	 strd=1088,[afbc]HdrStrd=0 PyldStrd=0 Scrmbl=0,ionhnd = 1 
2019-08-19 09:51:27.304 1295-1335/? I/ActivityManager: Start proc 14288:mobi.soulgame.littlegamecenter:CocosGame/u0a657 for activity mobi.soulgame.littlegamecenter/.cocos.activity.CocosAcvity
2019-08-19 09:51:27.304 1295-1856/? E/ProcessInfoCollector: getProcessInfo: failed to find this proc 
2019-08-19 09:51:27.306 720-734/? D/AwareLog: iawared: workingset_process_command subCmd = 350, uid=10657, pid=14288, mobi.soulgame.littlegamecenter
2019-08-19 09:51:27.307 14288-14288/? D/ZrHung.AppEyeUiProbe: AppEyeUIP created.
2019-08-19 09:51:27.307 720-734/? E/AwareLog: iawared: workingset_path_check Failed to lstat(/data/system/iaware/workingset/): Permission denied
2019-08-19 09:51:27.307 720-734/? E/AwareLog: iawared: workingset_path_check Failed to create directory(/data/system/iaware/workingset/): Permission denied
2019-08-19 09:51:27.307 720-734/? D/AwareLog: iawared: workingsetStart mobi.soulgame.littlegamecenter in monitor0
2019-08-19 09:51:27.310 14288-14288/? D/ActivityThread: Attach thread to application
2019-08-19 09:51:27.315 1295-6330/? D/HwPhoneWindowManager: sensorRotation = -1 lastRotation:0
2019-08-19 09:51:27.318 628-628/? D/Layer: Skip in Layer::computeScreenBounds 1
2019-08-19 09:51:27.324 1295-1566/? V/WindowManager: Checking 1 opening apps (frozen=false timeout=false), Track: updateconfig performsurface
2019-08-19 09:51:27.324 1295-1566/? V/WindowManager: Check opening app=AppWindowToken{f82c20c token=Token{5db393f ActivityRecord{a09115e u0 mobi.soulgame.littlegamecenter/.cocos.activity.CocosAcvity t55}}}: allDrawn=false startingDisplayed=true startingMoved=false isRelaunching()=false startingWindow=Window{cca8e0e u0 Splash Screen mobi.soulgame.littlegamecenter}
2019-08-19 09:51:27.319 628-628/? I/chatty: uid=1000(system) /system/bin/surfaceflinger identical 8 lines
2019-08-19 09:51:27.319 628-628/? D/Layer: Skip in Layer::computeScreenBounds 1
2019-08-19 09:51:27.324 1944-2975/? E/AwareLog: SPKSchedFeature: Uid has been sent, ignore.
2019-08-19 09:51:27.324 1295-1566/? I/WindowManager: closing apps count = 1
2019-08-19 09:51:27.326 1295-1321/? D/ContextHubService: Added callback, total callbacks 1
2019-08-19 09:51:27.335 628-628/? D/Layer: Skip in Layer::computeScreenBounds 1
2019-08-19 09:51:27.335 628-628/? I/chatty: uid=1000(system) /system/bin/surfaceflinger identical 8 lines
2019-08-19 09:51:27.335 628-628/? D/Layer: Skip in Layer::computeScreenBounds 1
2019-08-19 09:51:27.336 1767-1767/? W/HwKeyguardDragHelper: AnimationBlocked 
2019-08-19 09:51:27.336 1767-1767/? I/PhoneStatusBarView: setAlpha with value : 1.0
2019-08-19 09:51:27.336 1767-1767/? I/PhoneStatusBarView: setAlpha with value : 1.0
2019-08-19 09:51:27.342 1876-1891/? I/BoosterSwitchP: notifyUidState do nothing
2019-08-19 09:51:27.343 1876-1891/? I/DeepNoDisturbP: notifyUidState
2019-08-19 09:51:27.343 1876-1891/? I/HidataAppQoeP: notifyUidState
2019-08-19 09:51:27.343 1876-1891/? I/BrowserChrP: notifyUidState
2019-08-19 09:51:27.343 1295-1332/? D/HiDATA_ContentAware: mForegroundAppPackageName: mobi.soulgame.littlegamecenter:CocosGame ,score: 0
2019-08-19 09:51:27.343 1295-1332/? D/HiDATA_ContentAware: RealAppName:mobi.soulgame.littlegamecenter
2019-08-19 09:51:27.344 1295-6710/? I/HwNetworkPolicy: onTransact, code = 203
2019-08-19 09:51:27.344 1295-1332/? D/HiDATA: APP type: -1 appName= mobi.soulgame.littlegamecenter:CocosGame
2019-08-19 09:51:27.344 2147-2459/? I/HwNetworkPolicyManager: getHwUidPolicy uid = 10657 policy = 0
2019-08-19 09:51:27.344 1295-1332/? D/HiDATA_ContentAware: RealAppName:mobi.soulgame.littlegamecenter
2019-08-19 09:51:27.344 1295-1332/? D/HiDATA: no game, APP_TYPE_GAME, appName =mobi.soulgame.littlegamecenter:CocosGame
2019-08-19 09:51:27.347 691-812/? D/iTouchService: itouch currentPackageName=mobi.soulgame.littlegamecenter
2019-08-19 09:51:27.347 691-812/? D/iTouchService: itouch appType=20 appState=1 gameMode=2
2019-08-19 09:51:27.347 691-812/? D/iTouchService: itouch getCurrentParmID tempPkg=mobi.soulgame.xxx
2019-08-19 09:51:27.347 691-812/? D/iTouchService: itouch:app mobi.soulgame.littlegamecenter is  not game app
2019-08-19 09:51:27.347 691-812/? D/iTouchService: itouch:game_switch is disable
2019-08-19 09:51:27.347 691-812/? D/iTouchService: itouch:styluspen_switch is disable
2019-08-19 09:51:27.347 691-812/? D/iTouchService: itouch:currentAppTypeName =|FORUM|
2019-08-19 09:51:27.348 1295-2638/? I/HwAudioService: now type = 20,reportForegroundAppType = 20,pkg = null,systemload = 20mVoipOptimizeInGameModetrue
2019-08-19 09:51:27.349 615-3210/? I/AudioFlinger: setParameters(): io 0, keyvalue game_mode=off, calling pid 1295 calling uid 1000
2019-08-19 09:51:27.349 587-20369/? I/audio_hw_primary: soundtrigger_set_enforce voice_wake value 
2019-08-19 09:51:27.349 587-20369/? I/spk_dev_interface: spk_set_parameters: use new smartpakit version
2019-08-19 09:51:27.349 587-20369/? I/audio_hw_primary: update stream types 0
2019-08-19 09:51:27.349 587-20369/? I/audio_custom: game mode exit.
2019-08-19 09:51:27.349 587-20369/? I/dsp_soc: set primary algo bypass 0 succ
2019-08-19 09:51:27.350 1767-1767/? D/StatusBarIconController: setIconVisibility icon is null or visibility not change visibility=false
2019-08-19 09:51:27.350 1767-1767/? D/BarTransitions.HwNavigationBarView: MODE_TRANSPARENT -> MODE_TRANSLUCENT animate=false
2019-08-19 09:51:27.351 1767-1767/? D/BarTransitions.HwNavigationBarView: applyModeBackground oldMode=MODE_TRANSPARENT newMode=MODE_TRANSLUCENT animate=false
2019-08-19 09:51:27.351 628-628/? D/Layer: Skip in Layer::computeScreenBounds 1
2019-08-19 09:51:27.351 628-628/? I/chatty: uid=1000(system) /system/bin/surfaceflinger identical 1 line
2019-08-19 09:51:27.351 628-628/? D/Layer: Skip in Layer::computeScreenBounds 1
2019-08-19 09:51:27.351 14261-14261/? W/ChreGmsCore: Unable to construct RealContextHub.
    java.lang.IllegalStateException: No ContextHubs were found in the platform.
        at btls.<init>(:com.google.android.gms@17785039@17.7.85 (100408-253824076):8)
        at bgcu.a(:com.google.android.gms@17785039@17.7.85 (100408-253824076):15)
        at bfzf.<init>(:com.google.android.gms@17785039@17.7.85 (100408-253824076):16)
        at bfzr.<init>(:com.google.android.gms@17785039@17.7.85 (100408-253824076):2)
        at bfzr.<init>(:com.google.android.gms@17785039@17.7.85 (100408-253824076):1)
        at com.google.android.location.geofencer.service.GeofencerStateMachine.<init>(:com.google.android.gms@17785039@17.7.85 (100408-253824076):25)
        at bfzs.<init>(:com.google.android.gms@17785039@17.7.85 (100408-253824076):3)
        at bgbi.<init>(:com.google.android.gms@17785039@17.7.85 (100408-253824076):1)
        at com.google.android.location.internal.GoogleLocationManagerChimeraService.onCreate(:com.google.android.gms@17785039@17.7.85 (100408-253824076):6)
        at efa.onCreate(:com.google.android.gms@17785039@17.7.85 (100408-253824076):1)
        at qgg.onCreate(:com.google.android.gms@17785039@17.7.85 (100408-253824076):3)
        at android.app.ActivityThread.handleCreateService(ActivityThread.java:4010)
        at android.app.ActivityThread.access$2100(ActivityThread.java:267)
        at android.app.ActivityThread$H.handleMessage(ActivityThread.java:1979)
        at android.os.Handler.dispatchMessage(Handler.java:109)
        at android.os.Looper.loop(Looper.java:207)
        at android.app.ActivityThread.main(ActivityThread.java:7470)
        at java.lang.reflect.Method.invoke(Native Method)
        at com.android.internal.os.RuntimeInit$MethodAndArgsCaller.run(RuntimeInit.java:524)
        at com.android.internal.os.ZygoteInit.main(ZygoteInit.java:958)
2019-08-19 09:51:27.351 628-628/? D/Layer: Skip in Layer::computeScreenBounds 1
2019-08-19 09:51:27.352 628-628/? I/chatty: uid=1000(system) /system/bin/surfaceflinger identical 8 lines
2019-08-19 09:51:27.352 628-628/? D/Layer: Skip in Layer::computeScreenBounds 1
2019-08-19 09:51:27.353 14288-14288/? I/enter:CocosGam: The ClassLoaderContext is a special shared library.
2019-08-19 09:51:27.356 14288-14306/? I/HwApiCacheMangerEx: apicache path=/storage/emulated/0 state=mounted key=mobi.soulgame.littlegamecenter#10657#256
2019-08-19 09:51:27.357 14288-14306/? I/HwApiCacheMangerEx: apicache path=/storage/emulated/0 state=mounted key=mobi.soulgame.littlegamecenter#10657#0
2019-08-19 09:51:27.357 14261-14261/? D/WorkSource: Insert in WorkSource{} @ 0 uid 10020 name com.google.android.gms
2019-08-19 09:51:27.363 1980-2223/? D/HwRecentsTaskUtils: refreshToCache
2019-08-19 09:51:27.363 1980-2223/? D/HwRecentsTaskUtils: searchFromDate
2019-08-19 09:51:27.364 14288-14288/? E/LoadedApk: Unable to instantiate appComponentFactory
    java.lang.ClassNotFoundException: Didn't find class "mobi.soulgame.littlegamecenter.whateverString" on path: DexPathList[[zip file "/system/framework/org.apache.http.legacy.boot.jar", zip file "/data/app/mobi.soulgame.littlegamecenter-m1biHustU52GCnbByp7p1Q==/base.apk"],nativeLibraryDirectories=[/data/app/mobi.soulgame.littlegamecenter-m1biHustU52GCnbByp7p1Q==/lib/arm, /data/app/mobi.soulgame.littlegamecenter-m1biHustU52GCnbByp7p1Q==/base.apk!/lib/armeabi-v7a, /system/lib, /product/lib]]
        at dalvik.system.BaseDexClassLoader.findClass(BaseDexClassLoader.java:134)
        at java.lang.ClassLoader.loadClass(ClassLoader.java:379)
        at java.lang.ClassLoader.loadClass(ClassLoader.java:312)
        at android.app.LoadedApk.createAppFactory(LoadedApk.java:261)
        at android.app.LoadedApk.createOrUpdateClassLoaderLocked(LoadedApk.java:778)
        at android.app.LoadedApk.getClassLoader(LoadedApk.java:857)
        at android.app.LoadedApk.getResources(LoadedApk.java:1108)
        at android.app.ContextImpl.createAppContext(ContextImpl.java:2655)
        at android.app.ActivityThread.handleBindApplication(ActivityThread.java:6436)
        at android.app.ActivityThread.access$1900(ActivityThread.java:267)
        at android.app.ActivityThread$H.handleMessage(ActivityThread.java:1963)
        at android.os.Handler.dispatchMessage(Handler.java:109)
        at android.os.Looper.loop(Looper.java:207)
        at android.app.ActivityThread.main(ActivityThread.java:7470)
        at java.lang.reflect.Method.invoke(Native Method)
        at com.android.internal.os.RuntimeInit$MethodAndArgsCaller.run(RuntimeInit.java:524)
        at com.android.internal.os.ZygoteInit.main(ZygoteInit.java:958)
2019-08-19 09:51:27.367 1876-1891/? E/HsmCoreServiceImpl: onTransact in code is: 103
2019-08-19 09:51:27.367 1876-1891/? I/MediaProcessHandler: playingUids: 
2019-08-19 09:51:27.368 628-628/? D/Layer: Skip in Layer::computeScreenBounds 1
2019-08-19 09:51:27.369 628-628/? I/chatty: uid=1000(system) /system/bin/surfaceflinger identical 11 lines
2019-08-19 09:51:27.369 628-628/? D/Layer: Skip in Layer::computeScreenBounds 1
2019-08-19 09:51:27.370 1980-2223/? I/RecentsTaskLoadPlan: to show tasks size is 1
2019-08-19 09:51:27.370 14261-14261/? D/WorkSource: Insert in WorkSource{} @ 0 uid 10020 name com.google.android.gms
2019-08-19 09:51:27.370 14288-14288/? I/MultiDex: VM with version 2.1.0 has multidex support
2019-08-19 09:51:27.371 14288-14288/? I/MultiDex: Installing application
2019-08-19 09:51:27.371 14288-14288/? I/MultiDex: VM has multidex support, MultiDex support library is disabled.
2019-08-19 09:51:27.373 14288-14288/? I/AwareBitmapCacher: init processName:mobi.soulgame.littlegamecenter:CocosGame pid=14288 uid=10657
2019-08-19 09:51:27.374 14261-14261/? W/ServiceManagement: getService: unable to call into hwbinder service for vendor.huawei.hardware.sensors@1.0::ISensors/default.
2019-08-19 09:51:27.379 14288-14288/? D/NetworkSecurityConfig: Using Network Security Config from resource network_security_config debugBuild: false
2019-08-19 09:51:27.384 14288-14288/? D/GameApplication: 1:mobi.soulgame.littlegamecenter:CocosGame
2019-08-19 09:51:27.385 628-628/? D/Layer: Skip in Layer::computeScreenBounds 1
2019-08-19 09:51:27.385 628-628/? I/chatty: uid=1000(system) /system/bin/surfaceflinger identical 11 lines
2019-08-19 09:51:27.385 628-628/? D/Layer: Skip in Layer::computeScreenBounds 1
2019-08-19 09:51:27.386 1295-6330/? D/PGGoogleServicePolicy: prevent gms/gsf hold partial wakelock
2019-08-19 09:51:27.392 14261-14261/? D/WorkSource: Insert in WorkSource{} @ 0 uid 10020 name com.google.android.gms
2019-08-19 09:51:27.393 1295-6330/? W/HwAlarmManagerService: isContainsAppUidInWorksource-->happend NameNotFoundException
2019-08-19 09:51:27.399 587-20369/? I/audio_hw_primary: usb_ext_get_parameters: check show hires (false)
2019-08-19 09:51:27.400 615-3210/? I/hash_map_utils: key: 'typec_need_show_hires' value: ''
2019-08-19 09:51:27.400 1295-1650/? I/HwAudioServiceEx: check HiRes Icon false
2019-08-19 09:51:27.401 1295-1650/? W/ActivityManager: Sending non-protected broadcast huawei.intent.action.hideHiResIcon from system 1295:system/1000 pkg android
2019-08-19 09:51:27.401 1295-1650/? W/ActivityManager: Sending non-protected broadcast huawei.intent.action.hideHiResIcon from system 1295:system/1000 pkg android
2019-08-19 09:51:27.401 628-628/? D/Layer: Skip in Layer::computeScreenBounds 1
2019-08-19 09:51:27.402 628-628/? I/chatty: uid=1000(system) /system/bin/surfaceflinger identical 11 lines
2019-08-19 09:51:27.402 628-628/? D/Layer: Skip in Layer::computeScreenBounds 1
2019-08-19 09:51:27.402 1767-1767/? D/StatusBarIconController: setIconVisibility icon is null or visibility not change visibility=false
2019-08-19 09:51:27.405 1295-2835/? I/HwPackageManagerService: !mIsDefaultPreferredActivityChanged= true ,mIsDefaultGoogleCalendar= false
2019-08-19 09:51:27.405 1295-2835/? D/PackageManager: resolve intent for uid:10657, matchs:12, res:ResolveInfo{88a6db3 com.huawei.android.internal.app/.HwResolverActivity m=0x0}
2019-08-19 09:51:27.417 492-492/? E/SELinux: avc:  denied  { find } for interface=vendor.huawei.hardware.sensors::ISensors sid=u:r:untrusted_app:s0:c145,c258,c512,c768 pid=14288 scontext=u:r:untrusted_app:s0:c145,c258,c512,c768 tcontext=u:object_r:default_hisi_hwservice:s0 tclass=hwservice_manager permissive=0
2019-08-19 09:51:27.418 628-628/? D/Layer: Skip in Layer::computeScreenBounds 1
2019-08-19 09:51:27.418 628-628/? I/chatty: uid=1000(system) /system/bin/surfaceflinger identical 3 lines
2019-08-19 09:51:27.418 628-628/? D/Layer: Skip in Layer::computeScreenBounds 1
2019-08-19 09:51:27.419 14288-14288/? D/GameApplication: 2:mobi.soulgame.littlegamecenter:CocosGame
2019-08-19 09:51:27.419 628-628/? D/Layer: Skip in Layer::computeScreenBounds 1
2019-08-19 09:51:27.419 628-628/? I/chatty: uid=1000(system) /system/bin/surfaceflinger identical 6 lines
2019-08-19 09:51:27.419 628-628/? D/Layer: Skip in Layer::computeScreenBounds 1
2019-08-19 09:51:27.424 14288-14343/? D/multi_mai: trueappID===fb256182859341caa4121460c21ca095
2019-08-19 09:51:27.430 1295-1626/? I/NetworkPolicy: updateRuleForRestrictBackgroundUL(10020): isForeground=true, isBlacklisted=false, isWhitelisted=true, isRestrictedByAdmin=false, oldRule=0 (NONE), newRule=1 (ALLOW_METERED), newUidRules=1 (ALLOW_METERED), oldUidRules=0 (NONE), mRestrictBackground=false
2019-08-19 09:51:27.435 628-628/? D/Layer: Skip in Layer::computeScreenBounds 1
2019-08-19 09:51:27.435 628-628/? I/chatty: uid=1000(system) /system/bin/surfaceflinger identical 11 lines
2019-08-19 09:51:27.435 628-628/? D/Layer: Skip in Layer::computeScreenBounds 1
2019-08-19 09:51:27.441 1295-6710/? D/StubTelephonyRegistry: uid:10657 pid:14288 PhoneStateListener.LISTEN_CELL_LOCATION:16 events:288
2019-08-19 09:51:27.445 14288-14343/? V/AudioManager: isWiredHeadsetOn...
2019-08-19 09:51:27.449 1295-1342/? I/Bluetooth_framework: BluetoothManagerService:Added callback: android.bluetooth.IBluetoothManagerCallback$Stub$Proxy@e083a46:true pid = 14288
2019-08-19 09:51:27.449 1295-1342/? I/Bluetooth_framework: BluetoothManagerService:Added state change callback: android.bluetooth.IBluetoothStateChangeCallback$Stub$Proxy@4961934:true pid = 14288
2019-08-19 09:51:27.451 628-628/? D/Layer: Skip in Layer::computeScreenBounds 1
2019-08-19 09:51:27.452 628-628/? I/chatty: uid=1000(system) /system/bin/surfaceflinger identical 11 lines
2019-08-19 09:51:27.452 628-628/? D/Layer: Skip in Layer::computeScreenBounds 1
2019-08-19 09:51:27.454 1295-2835/? I/Bluetooth_framework: BluetoothManagerService:Trying to bind to profile: 1, while Bluetooth was disabled
2019-08-19 09:51:27.461 14288-14288/? W/enter:CocosGam: Accessing hidden field Landroid/app/ActivityThread;->mHiddenApiWarningShown:Z (dark greylist, reflection)
2019-08-19 09:51:27.461 14288-14288/? W/System.err: java.lang.NoSuchFieldException: No field mHiddenApiWarningShown in class Landroid/app/ActivityThread; (declaration of 'android.app.ActivityThread' appears in /system/framework/framework.jar)
2019-08-19 09:51:27.461 14288-14288/? W/System.err:     at java.lang.Class.getDeclaredField(Native Method)
2019-08-19 09:51:27.461 14288-14288/? W/System.err:     at mobi.soulgame.littlegamecenter.GameApplication.closeAndroidPDialog(GameApplication.java:300)
2019-08-19 09:51:27.461 14288-14288/? W/System.err:     at mobi.soulgame.littlegamecenter.GameApplication.onCreate(GameApplication.java:96)
2019-08-19 09:51:27.461 14288-14288/? W/System.err:     at android.app.Instrumentation.callApplicationOnCreate(Instrumentation.java:1162)
2019-08-19 09:51:27.461 14288-14288/? W/System.err:     at android.app.ActivityThread.handleBindApplication(ActivityThread.java:6566)
2019-08-19 09:51:27.461 14288-14288/? W/System.err:     at android.app.ActivityThread.access$1900(ActivityThread.java:267)
2019-08-19 09:51:27.461 14288-14288/? W/System.err:     at android.app.ActivityThread$H.handleMessage(ActivityThread.java:1963)
2019-08-19 09:51:27.461 14288-14288/? W/System.err:     at android.os.Handler.dispatchMessage(Handler.java:109)
2019-08-19 09:51:27.461 14288-14288/? W/System.err:     at android.os.Looper.loop(Looper.java:207)
2019-08-19 09:51:27.461 14288-14288/? W/System.err:     at android.app.ActivityThread.main(ActivityThread.java:7470)
2019-08-19 09:51:27.461 14288-14288/? W/System.err:     at java.lang.reflect.Method.invoke(Native Method)
2019-08-19 09:51:27.461 14288-14288/? W/System.err:     at com.android.internal.os.RuntimeInit$MethodAndArgsCaller.run(RuntimeInit.java:524)
2019-08-19 09:51:27.461 14288-14288/? W/System.err:     at com.android.internal.os.ZygoteInit.main(ZygoteInit.java:958)
2019-08-19 09:51:27.462 14288-14352/? E/libc: Access denied finding property "net.dns1"
2019-08-19 09:51:27.463 14288-14352/? E/libc: Access denied finding property "net.dns2"
2019-08-19 09:51:27.463 14288-14352/? E/libc: Access denied finding property "net.dns3"
2019-08-19 09:51:27.463 14288-14352/? E/libc: Access denied finding property "net.dns4"
2019-08-19 09:51:27.468 628-628/? D/Layer: Skip in Layer::computeScreenBounds 1
2019-08-19 09:51:27.469 628-628/? I/chatty: uid=1000(system) /system/bin/surfaceflinger identical 11 lines
2019-08-19 09:51:27.469 628-628/? D/Layer: Skip in Layer::computeScreenBounds 1
2019-08-19 09:51:27.473 14261-14261/? D/WorkSource: Insert in WorkSource{} @ 0 uid 10020 name com.google.android.gms
2019-08-19 09:51:27.478 14288-14288/? W/enter:CocosGame: type=1400 audit(0.0:3865): avc: denied { read } for name="anr" dev="sdd61" ino=32366 scontext=u:r:untrusted_app:s0:c145,c258,c512,c768 tcontext=u:object_r:anr_data_file:s0 tclass=dir permissive=0
2019-08-19 09:51:27.482 14261-14261/? D/WorkSource: Insert in WorkSource{} @ 0 uid 10020 name com.google.android.gms
2019-08-19 09:51:27.483 1295-6330/? W/HwAlarmManagerService: isContainsAppUidInWorksource-->happend NameNotFoundException
2019-08-19 09:51:27.484 14288-14288/? E/TrackingIO: Only main process can init sdk
2019-08-19 09:51:27.485 628-628/? D/Layer: Skip in Layer::computeScreenBounds 1
2019-08-19 09:51:27.485 628-628/? I/chatty: uid=1000(system) /system/bin/surfaceflinger identical 11 lines
2019-08-19 09:51:27.485 628-628/? D/Layer: Skip in Layer::computeScreenBounds 1
2019-08-19 09:51:27.498 14288-14358/? W/System.err: java.io.FileNotFoundException: /system/build.prop (Permission denied)
2019-08-19 09:51:27.499 14288-14358/? W/System.err:     at java.io.FileInputStream.open0(Native Method)
2019-08-19 09:51:27.499 14288-14358/? W/System.err:     at java.io.FileInputStream.open(FileInputStream.java:231)
2019-08-19 09:51:27.499 14288-14358/? W/System.err:     at java.io.FileInputStream.<init>(FileInputStream.java:165)
2019-08-19 09:51:27.499 14288-14358/? W/System.err:     at java.io.FileInputStream.<init>(FileInputStream.java:112)
2019-08-19 09:51:27.499 14288-14358/? W/System.err:     at java.io.FileReader.<init>(FileReader.java:58)
2019-08-19 09:51:27.499 14288-14358/? W/System.err:     at com.tencent.bugly.crashreport.common.info.b.p(BUGLY:177)
2019-08-19 09:51:27.499 14288-14358/? W/System.err:     at com.tencent.bugly.crashreport.common.info.b.d(BUGLY:226)
2019-08-19 09:51:27.499 14288-14358/? W/System.err:     at com.tencent.bugly.crashreport.common.info.a.q(BUGLY:343)
2019-08-19 09:51:27.499 14288-14358/? W/System.err:     at com.tencent.bugly.proguard.a.a(BUGLY:147)
2019-08-19 09:51:27.499 14288-14358/? W/System.err:     at com.tencent.bugly.crashreport.biz.a.b(BUGLY:232)
2019-08-19 09:51:27.499 14288-14358/? W/System.err:     at com.tencent.bugly.crashreport.biz.a$a.run(BUGLY:135)
2019-08-19 09:51:27.499 14288-14358/? W/System.err:     at java.util.concurrent.Executors$RunnableAdapter.call(Executors.java:458)
2019-08-19 09:51:27.499 14288-14358/? W/System.err:     at java.util.concurrent.FutureTask.run(FutureTask.java:266)
2019-08-19 09:51:27.499 1295-2835/? D/StubTelephonyRegistry: uid:10657 pid:14288 PhoneStateListener.LISTEN_CELL_LOCATION:16 events:256
2019-08-19 09:51:27.499 14288-14358/? W/System.err:     at java.util.concurrent.ScheduledThreadPoolExecutor$ScheduledFutureTask.run(ScheduledThreadPoolExecutor.java:301)
2019-08-19 09:51:27.499 14288-14358/? W/System.err:     at java.util.concurrent.ThreadPoolExecutor.runWorker(ThreadPoolExecutor.java:1167)
2019-08-19 09:51:27.499 14288-14358/? W/System.err:     at java.util.concurrent.ThreadPoolExecutor$Worker.run(ThreadPoolExecutor.java:641)
2019-08-19 09:51:27.499 14288-14358/? W/System.err:     at java.lang.Thread.run(Thread.java:784)
2019-08-19 09:51:27.494 14288-14288/? W/Thread-47: type=1400 audit(0.0:3866): avc: granted { create } for name="Alvin2.xml" scontext=u:r:untrusted_app:s0:c145,c258,c512,c768 tcontext=u:object_r:sdcardfs:s0:c145,c258,c512,c768 tclass=file
2019-08-19 09:51:27.498 14288-14358/? W/System.err: java.io.FileNotFoundException: /system/build.prop (Permission denied)
2019-08-19 09:51:27.499 14288-14358/? W/System.err:     at java.io.FileInputStream.open0(Native Method)
2019-08-19 09:51:27.499 14288-14358/? W/System.err:     at java.io.FileInputStream.open(FileInputStream.java:231)
2019-08-19 09:51:27.499 14288-14358/? W/System.err:     at java.io.FileInputStream.<init>(FileInputStream.java:165)
2019-08-19 09:51:27.499 14288-14358/? W/System.err:     at java.io.FileInputStream.<init>(FileInputStream.java:112)
2019-08-19 09:51:27.499 14288-14358/? W/System.err:     at java.io.FileReader.<init>(FileReader.java:58)
2019-08-19 09:51:27.499 14288-14358/? W/System.err:     at com.tencent.bugly.crashreport.common.info.b.p(BUGLY:177)
2019-08-19 09:51:27.499 14288-14358/? W/System.err:     at com.tencent.bugly.crashreport.common.info.b.d(BUGLY:226)
2019-08-19 09:51:27.499 14288-14358/? W/System.err:     at com.tencent.bugly.crashreport.common.info.a.q(BUGLY:343)
2019-08-19 09:51:27.499 14288-14358/? W/System.err:     at com.tencent.bugly.proguard.a.a(BUGLY:147)
2019-08-19 09:51:27.499 14288-14358/? W/System.err:     at com.tencent.bugly.crashreport.biz.a.b(BUGLY:232)
2019-08-19 09:51:27.499 14288-14358/? W/System.err:     at com.tencent.bugly.crashreport.biz.a$a.run(BUGLY:135)
2019-08-19 09:51:27.499 14288-14358/? W/System.err:     at java.util.concurrent.Executors$RunnableAdapter.call(Executors.java:458)
2019-08-19 09:51:27.499 14288-14358/? W/System.err:     at java.util.concurrent.FutureTask.run(FutureTask.java:266)
2019-08-19 09:51:27.499 1295-2835/? D/StubTelephonyRegistry: uid:10657 pid:14288 PhoneStateListener.LISTEN_CELL_LOCATION:16 events:256
2019-08-19 09:51:27.499 14288-14358/? W/System.err:     at java.util.concurrent.ScheduledThreadPoolExecutor$ScheduledFutureTask.run(ScheduledThreadPoolExecutor.java:301)
2019-08-19 09:51:27.499 14288-14358/? W/System.err:     at java.util.concurrent.ThreadPoolExecutor.runWorker(ThreadPoolExecutor.java:1167)
2019-08-19 09:51:27.499 14288-14358/? W/System.err:     at java.util.concurrent.ThreadPoolExecutor$Worker.run(ThreadPoolExecutor.java:641)
2019-08-19 09:51:27.499 14288-14358/? W/System.err:     at java.lang.Thread.run(Thread.java:784)
2019-08-19 09:51:27.501 628-628/? D/Layer: Skip in Layer::computeScreenBounds 1
2019-08-19 09:51:27.502 628-628/? I/chatty: uid=1000(system) /system/bin/surfaceflinger identical 11 lines
2019-08-19 09:51:27.502 628-628/? D/Layer: Skip in Layer::computeScreenBounds 1
2019-08-19 09:51:27.506 14288-14288/? W/Thread-47: type=1400 audit(0.0:3867): avc: granted { create } for name="ContextData.xml" scontext=u:r:untrusted_app:s0:c145,c258,c512,c768 tcontext=u:object_r:sdcardfs:s0:c145,c258,c512,c768 tclass=file
2019-08-19 09:51:27.514 14288-14299/? I/enter:CocosGam: GcSupervisor: module enable:1
2019-08-19 09:51:27.517 1295-1792/? E/WifiService: enforceCanAccessScanResults: hiding ssid and bssidLocation mode is disabled for the device
2019-08-19 09:51:27.518 628-628/? D/Layer: Skip in Layer::computeScreenBounds 1
2019-08-19 09:51:27.519 628-628/? I/chatty: uid=1000(system) /system/bin/surfaceflinger identical 11 lines
2019-08-19 09:51:27.519 628-628/? D/Layer: Skip in Layer::computeScreenBounds 1
2019-08-19 09:51:27.535 628-628/? D/Layer: Skip in Layer::computeScreenBounds 1
2019-08-19 09:51:27.535 628-628/? I/chatty: uid=1000(system) /system/bin/surfaceflinger identical 11 lines
2019-08-19 09:51:27.535 628-628/? D/Layer: Skip in Layer::computeScreenBounds 1
2019-08-19 09:51:27.536 14288-14378/? I/enter:CocosGam: Rejecting re-init on previously-failed class java.lang.Class<com.taobao.accs.utl.h$a>: java.lang.NoClassDefFoundError: Failed resolution of: Lcom/taobao/orange/OrangeConfigListenerV1;
2019-08-19 09:51:27.536 14288-14378/? I/enter:CocosGam:     at java.lang.Object java.lang.reflect.Constructor.newInstance0(java.lang.Object[]) (Constructor.java:-2)
2019-08-19 09:51:27.536 14288-14378/? I/enter:CocosGam:     at java.lang.Object java.lang.reflect.Constructor.newInstance(java.lang.Object[]) (Constructor.java:343)
2019-08-19 09:51:27.536 14288-14378/? I/enter:CocosGam:     at com.taobao.accs.b com.taobao.accs.ACCSManager.createAccsInstance(android.content.Context, java.lang.String) (Taobao:442)
2019-08-19 09:51:27.536 14288-14378/? I/enter:CocosGam:     at com.taobao.accs.b com.taobao.accs.ACCSManager.getAccsInstance(android.content.Context, java.lang.String, java.lang.String) (Taobao:426)
