2019-08-19 09:51:27.536 14288-14378/? I/enter:CocosGam:     at void com.taobao.agoo.TaobaoRegister.register(android.content.Context, java.lang.String, java.lang.String, java.lang.String, java.lang.String, com.taobao.agoo.IRegister) (Taobao:125)
2019-08-19 09:51:27.536 14288-14378/? I/enter:CocosGam:     at void com.taobao.agoo.TaobaoRegister.register(android.content.Context, java.lang.String, java.lang.String, java.lang.String, com.taobao.agoo.IRegister) (Taobao:80)
2019-08-19 09:51:27.536 14288-14378/? I/enter:CocosGam:     at void com.umeng.message.PushAgent$2.run() (PushAgent.java:169)
2019-08-19 09:51:27.536 14288-14378/? I/enter:CocosGam:     at java.lang.Object java.util.concurrent.Executors$RunnableAdapter.call() (Executors.java:458)
2019-08-19 09:51:27.536 14288-14378/? I/enter:CocosGam:     at void java.util.concurrent.FutureTask.run() (FutureTask.java:266)
2019-08-19 09:51:27.536 14288-14378/? I/enter:CocosGam:     at void java.util.concurrent.ScheduledThreadPoolExecutor$ScheduledFutureTask.run() (ScheduledThreadPoolExecutor.java:301)
2019-08-19 09:51:27.536 14288-14378/? I/enter:CocosGam:     at void java.util.concurrent.ThreadPoolExecutor.runWorker(java.util.concurrent.ThreadPoolExecutor$Worker) (ThreadPoolExecutor.java:1167)
2019-08-19 09:51:27.536 14288-14378/? I/enter:CocosGam:     at void java.util.concurrent.ThreadPoolExecutor$Worker.run() (ThreadPoolExecutor.java:641)
2019-08-19 09:51:27.536 14288-14378/? I/enter:CocosGam:     at void java.lang.Thread.run() (Thread.java:784)
2019-08-19 09:51:27.536 14288-14378/? I/enter:CocosGam: Caused by: java.lang.ClassNotFoundException: Didn't find class "com.taobao.orange.OrangeConfigListenerV1" on path: DexPathList[[zip file "/system/framework/org.apache.http.legacy.boot.jar", zip file "/data/app/mobi.soulgame.littlegamecenter-m1biHustU52GCnbByp7p1Q==/base.apk"],nativeLibraryDirectories=[/data/app/mobi.soulgame.littlegamecenter-m1biHustU52GCnbByp7p1Q==/lib/arm, /data/app/mobi.soulgame.littlegamecenter-m1biHustU52GCnbByp7p1Q==/base.apk!/lib/armeabi-v7a, /system/lib, /product/lib]]
2019-08-19 09:51:27.536 14288-14378/? I/enter:CocosGam:     at java.lang.Class dalvik.system.BaseDexClassLoader.findClass(java.lang.String) (BaseDexClassLoader.java:134)
2019-08-19 09:51:27.536 14288-14378/? I/enter:CocosGam:     at java.lang.Class java.lang.ClassLoader.loadClass(java.lang.String, boolean) (ClassLoader.java:379)
2019-08-19 09:51:27.536 14288-14378/? I/enter:CocosGam:     at java.lang.Class java.lang.ClassLoader.loadClass(java.lang.String) (ClassLoader.java:312)
2019-08-19 09:51:27.536 14288-14378/? I/enter:CocosGam:     at java.lang.Object java.lang.reflect.Constructor.newInstance0(java.lang.Object[]) (Constructor.java:-2)
2019-08-19 09:51:27.536 14288-14378/? I/enter:CocosGam:     at java.lang.Object java.lang.reflect.Constructor.newInstance(java.lang.Object[]) (Constructor.java:343)
2019-08-19 09:51:27.536 14288-14378/? I/enter:CocosGam:     at com.taobao.accs.b com.taobao.accs.ACCSManager.createAccsInstance(android.content.Context, java.lang.String) (Taobao:442)
2019-08-19 09:51:27.536 14288-14378/? I/enter:CocosGam:     at com.taobao.accs.b com.taobao.accs.ACCSManager.getAccsInstance(android.content.Context, java.lang.String, java.lang.String) (Taobao:426)
2019-08-19 09:51:27.536 14288-14378/? I/enter:CocosGam:     at void com.taobao.agoo.TaobaoRegister.register(android.content.Context, java.lang.String, java.lang.String, java.lang.String, java.lang.String, com.taobao.agoo.IRegister) (Taobao:125)
2019-08-19 09:51:27.536 14288-14378/? I/enter:CocosGam:     at void com.taobao.agoo.TaobaoRegister.register(android.content.Context, java.lang.String, java.lang.String, java.lang.String, com.taobao.agoo.IRegister) (Taobao:80)
2019-08-19 09:51:27.536 14288-14378/? I/enter:CocosGam:     at void com.umeng.message.PushAgent$2.run() (PushAgent.java:169)
2019-08-19 09:51:27.536 14288-14378/? I/enter:CocosGam:     at java.lang.Object java.util.concurrent.Executors$RunnableAdapter.call() (Executors.java:458)
2019-08-19 09:51:27.536 14288-14378/? I/enter:CocosGam:     at void java.util.concurrent.FutureTask.run() (FutureTask.java:266)
2019-08-19 09:51:27.536 14288-14378/? I/enter:CocosGam:     at void java.util.concurrent.ScheduledThreadPoolExecutor$ScheduledFutureTask.run() (ScheduledThreadPoolExecutor.java:301)
2019-08-19 09:51:27.536 14288-14378/? I/enter:CocosGam:     at void java.util.concurrent.ThreadPoolExecutor.runWorker(java.util.concurrent.ThreadPoolExecutor$Worker) (ThreadPoolExecutor.java:1167)
2019-08-19 09:51:27.536 14288-14378/? I/enter:CocosGam:     at void java.util.concurrent.ThreadPoolExecutor$Worker.run() (ThreadPoolExecutor.java:641)
2019-08-19 09:51:27.536 14288-14378/? I/enter:CocosGam:     at void java.lang.Thread.run() (Thread.java:784)
2019-08-19 09:51:27.537 14288-14378/? I/enter:CocosGam: Rejecting re-init on previously-failed class java.lang.Class<com.taobao.accs.utl.h$a>: java.lang.NoClassDefFoundError: Failed resolution of: Lcom/taobao/orange/OrangeConfigListenerV1;
2019-08-19 09:51:27.537 14288-14378/? I/enter:CocosGam:     at java.lang.Object java.lang.reflect.Constructor.newInstance0(java.lang.Object[]) (Constructor.java:-2)
2019-08-19 09:51:27.537 14288-14378/? I/enter:CocosGam:     at java.lang.Object java.lang.reflect.Constructor.newInstance(java.lang.Object[]) (Constructor.java:343)
2019-08-19 09:51:27.537 14288-14378/? I/enter:CocosGam:     at com.taobao.accs.b com.taobao.accs.ACCSManager.createAccsInstance(android.content.Context, java.lang.String) (Taobao:442)
2019-08-19 09:51:27.537 14288-14378/? I/enter:CocosGam:     at com.taobao.accs.b com.taobao.accs.ACCSManager.getAccsInstance(android.content.Context, java.lang.String, java.lang.String) (Taobao:426)
2019-08-19 09:51:27.537 14288-14378/? I/enter:CocosGam:     at void com.taobao.agoo.TaobaoRegister.register(android.content.Context, java.lang.String, java.lang.String, java.lang.String, java.lang.String, com.taobao.agoo.IRegister) (Taobao:125)
2019-08-19 09:51:27.537 14288-14378/? I/enter:CocosGam:     at void com.taobao.agoo.TaobaoRegister.register(android.content.Context, java.lang.String, java.lang.String, java.lang.String, com.taobao.agoo.IRegister) (Taobao:80)
2019-08-19 09:51:27.537 14288-14378/? I/enter:CocosGam:     at void com.umeng.message.PushAgent$2.run() (PushAgent.java:169)
2019-08-19 09:51:27.537 14288-14378/? I/enter:CocosGam:     at java.lang.Object java.util.concurrent.Executors$RunnableAdapter.call() (Executors.java:458)
2019-08-19 09:51:27.537 14288-14378/? I/enter:CocosGam:     at void java.util.concurrent.FutureTask.run() (FutureTask.java:266)
2019-08-19 09:51:27.537 14288-14378/? I/enter:CocosGam:     at void java.util.concurrent.ScheduledThreadPoolExecutor$ScheduledFutureTask.run() (ScheduledThreadPoolExecutor.java:301)
2019-08-19 09:51:27.537 14288-14378/? I/enter:CocosGam:     at void java.util.concurrent.ThreadPoolExecutor.runWorker(java.util.concurrent.ThreadPoolExecutor$Worker) (ThreadPoolExecutor.java:1167)
2019-08-19 09:51:27.537 14288-14378/? I/enter:CocosGam:     at void java.util.concurrent.ThreadPoolExecutor$Worker.run() (ThreadPoolExecutor.java:641)
2019-08-19 09:51:27.537 14288-14378/? I/enter:CocosGam:     at void java.lang.Thread.run() (Thread.java:784)
2019-08-19 09:51:27.537 14288-14378/? I/enter:CocosGam: Caused by: java.lang.ClassNotFoundException: Didn't find class "com.taobao.orange.OrangeConfigListenerV1" on path: DexPathList[[zip file "/system/framework/org.apache.http.legacy.boot.jar", zip file "/data/app/mobi.soulgame.littlegamecenter-m1biHustU52GCnbByp7p1Q==/base.apk"],nativeLibraryDirectories=[/data/app/mobi.soulgame.littlegamecenter-m1biHustU52GCnbByp7p1Q==/lib/arm, /data/app/mobi.soulgame.littlegamecenter-m1biHustU52GCnbByp7p1Q==/base.apk!/lib/armeabi-v7a, /system/lib, /product/lib]]
2019-08-19 09:51:27.537 14288-14378/? I/enter:CocosGam:     at java.lang.Class dalvik.system.BaseDexClassLoader.findClass(java.lang.String) (BaseDexClassLoader.java:134)
2019-08-19 09:51:27.537 14288-14378/? I/enter:CocosGam:     at java.lang.Class java.lang.ClassLoader.loadClass(java.lang.String, boolean) (ClassLoader.java:379)
2019-08-19 09:51:27.537 14288-14378/? I/enter:CocosGam:     at java.lang.Class java.lang.ClassLoader.loadClass(java.lang.String) (ClassLoader.java:312)
2019-08-19 09:51:27.537 14288-14378/? I/enter:CocosGam:     at java.lang.Object java.lang.reflect.Constructor.newInstance0(java.lang.Object[]) (Constructor.java:-2)
2019-08-19 09:51:27.537 14288-14378/? I/enter:CocosGam:     at java.lang.Object java.lang.reflect.Constructor.newInstance(java.lang.Object[]) (Constructor.java:343)
2019-08-19 09:51:27.537 14288-14378/? I/enter:CocosGam:     at com.taobao.accs.b com.taobao.accs.ACCSManager.createAccsInstance(android.content.Context, java.lang.String) (Taobao:442)
2019-08-19 09:51:27.537 14288-14378/? I/enter:CocosGam:     at com.taobao.accs.b com.taobao.accs.ACCSManager.getAccsInstance(android.content.Context, java.lang.String, java.lang.String) (Taobao:426)
2019-08-19 09:51:27.537 14288-14378/? I/enter:CocosGam:     at void com.taobao.agoo.TaobaoRegister.register(android.content.Context, java.lang.String, java.lang.String, java.lang.String, java.lang.String, com.taobao.agoo.IRegister) (Taobao:125)
2019-08-19 09:51:27.537 14288-14378/? I/enter:CocosGam:     at void com.taobao.agoo.TaobaoRegister.register(android.content.Context, java.lang.String, java.lang.String, java.lang.String, com.taobao.agoo.IRegister) (Taobao:80)
2019-08-19 09:51:27.537 14288-14378/? I/enter:CocosGam:     at void com.umeng.message.PushAgent$2.run() (PushAgent.java:169)
2019-08-19 09:51:27.537 14288-14378/? I/enter:CocosGam:     at java.lang.Object java.util.concurrent.Executors$RunnableAdapter.call() (Executors.java:458)
2019-08-19 09:51:27.537 14288-14378/? I/enter:CocosGam:     at void java.util.concurrent.FutureTask.run() (FutureTask.java:266)
2019-08-19 09:51:27.537 14288-14378/? I/enter:CocosGam:     at void java.util.concurrent.ScheduledThreadPoolExecutor$ScheduledFutureTask.run() (ScheduledThreadPoolExecutor.java:301)
2019-08-19 09:51:27.537 14288-14378/? I/enter:CocosGam:     at void java.util.concurrent.ThreadPoolExecutor.runWorker(java.util.concurrent.ThreadPoolExecutor$Worker) (ThreadPoolExecutor.java:1167)
2019-08-19 09:51:27.537 14288-14378/? I/enter:CocosGam:     at void java.util.concurrent.ThreadPoolExecutor$Worker.run() (ThreadPoolExecutor.java:641)
2019-08-19 09:51:27.537 14288-14378/? I/enter:CocosGam:     at void java.lang.Thread.run() (Thread.java:784)
2019-08-19 09:51:27.537 21279-21279/? D/HwAppInnerBoostImpl: asyncReportData mobi.soulgame.littlegamecenter,2,1,2,0 interval=513
2019-08-19 09:51:27.537 14288-14378/? I/enter:CocosGam: Rejecting re-init on previously-failed class java.lang.Class<com.taobao.accs.utl.h$a>: java.lang.NoClassDefFoundError: Failed resolution of: Lcom/taobao/orange/OrangeConfigListenerV1;
2019-08-19 09:51:27.537 14288-14378/? I/enter:CocosGam:     at java.lang.Object java.lang.reflect.Constructor.newInstance0(java.lang.Object[]) (Constructor.java:-2)
2019-08-19 09:51:27.537 14288-14378/? I/enter:CocosGam:     at java.lang.Object java.lang.reflect.Constructor.newInstance(java.lang.Object[]) (Constructor.java:343)
2019-08-19 09:51:27.537 14288-14378/? I/enter:CocosGam:     at com.taobao.accs.b com.taobao.accs.ACCSManager.createAccsInstance(android.content.Context, java.lang.String) (Taobao:442)
2019-08-19 09:51:27.537 14288-14378/? I/enter:CocosGam:     at com.taobao.accs.b com.taobao.accs.ACCSManager.getAccsInstance(android.content.Context, java.lang.String, java.lang.String) (Taobao:426)
2019-08-19 09:51:27.537 14288-14378/? I/enter:CocosGam:     at void com.taobao.agoo.TaobaoRegister.register(android.content.Context, java.lang.String, java.lang.String, java.lang.String, java.lang.String, com.taobao.agoo.IRegister) (Taobao:125)
2019-08-19 09:51:27.537 14288-14378/? I/enter:CocosGam:     at void com.taobao.agoo.TaobaoRegister.register(android.content.Context, java.lang.String, java.lang.String, java.lang.String, com.taobao.agoo.IRegister) (Taobao:80)
2019-08-19 09:51:27.537 14288-14378/? I/enter:CocosGam:     at void com.umeng.message.PushAgent$2.run() (PushAgent.java:169)
2019-08-19 09:51:27.537 14288-14378/? I/enter:CocosGam:     at java.lang.Object java.util.concurrent.Executors$RunnableAdapter.call() (Executors.java:458)
2019-08-19 09:51:27.537 14288-14378/? I/enter:CocosGam:     at void java.util.concurrent.FutureTask.run() (FutureTask.java:266)
2019-08-19 09:51:27.537 14288-14378/? I/enter:CocosGam:     at void java.util.concurrent.ScheduledThreadPoolExecutor$ScheduledFutureTask.run() (ScheduledThreadPoolExecutor.java:301)
2019-08-19 09:51:27.537 14288-14378/? I/enter:CocosGam:     at void java.util.concurrent.ThreadPoolExecutor.runWorker(java.util.concurrent.ThreadPoolExecutor$Worker) (ThreadPoolExecutor.java:1167)
2019-08-19 09:51:27.537 14288-14378/? I/enter:CocosGam:     at void java.util.concurrent.ThreadPoolExecutor$Worker.run() (ThreadPoolExecutor.java:641)
2019-08-19 09:51:27.537 14288-14378/? I/enter:CocosGam:     at void java.lang.Thread.run() (Thread.java:784)
2019-08-19 09:51:27.537 14288-14378/? I/enter:CocosGam: Caused by: java.lang.ClassNotFoundException: Didn't find class "com.taobao.orange.OrangeConfigListenerV1" on path: DexPathList[[zip file "/system/framework/org.apache.http.legacy.boot.jar", zip file "/data/app/mobi.soulgame.littlegamecenter-m1biHustU52GCnbByp7p1Q==/base.apk"],nativeLibraryDirectories=[/data/app/mobi.soulgame.littlegamecenter-m1biHustU52GCnbByp7p1Q==/lib/arm, /data/app/mobi.soulgame.littlegamecenter-m1biHustU52GCnbByp7p1Q==/base.apk!/lib/armeabi-v7a, /system/lib, /product/lib]]
2019-08-19 09:51:27.537 14288-14378/? I/enter:CocosGam:     at java.lang.Class dalvik.system.BaseDexClassLoader.findClass(java.lang.String) (BaseDexClassLoader.java:134)
2019-08-19 09:51:27.537 14288-14378/? I/enter:CocosGam:     at java.lang.Class java.lang.ClassLoader.loadClass(java.lang.String, boolean) (ClassLoader.java:379)
2019-08-19 09:51:27.537 14288-14378/? I/enter:CocosGam:     at java.lang.Class java.lang.ClassLoader.loadClass(java.lang.String) (ClassLoader.java:312)
2019-08-19 09:51:27.537 14288-14378/? I/enter:CocosGam:     at java.lang.Object java.lang.reflect.Constructor.newInstance0(java.lang.Object[]) (Constructor.java:-2)
2019-08-19 09:51:27.537 14288-14378/? I/enter:CocosGam:     at java.lang.Object java.lang.reflect.Constructor.newInstance(java.lang.Object[]) (Constructor.java:343)
2019-08-19 09:51:27.537 14288-14378/? I/enter:CocosGam:     at com.taobao.accs.b com.taobao.accs.ACCSManager.createAccsInstance(android.content.Context, java.lang.String) (Taobao:442)
2019-08-19 09:51:27.537 14288-14378/? I/enter:CocosGam:     at com.taobao.accs.b com.taobao.accs.ACCSManager.getAccsInstance(android.content.Context, java.lang.String, java.lang.String) (Taobao:426)
2019-08-19 09:51:27.537 14288-14378/? I/enter:CocosGam:     at void com.taobao.agoo.TaobaoRegister.register(android.content.Context, java.lang.String, java.lang.String, java.lang.String, java.lang.String, com.taobao.agoo.IRegister) (Taobao:125)
2019-08-19 09:51:27.537 14288-14378/? I/enter:CocosGam:     at void com.taobao.agoo.TaobaoRegister.register(android.content.Context, java.lang.String, java.lang.String, java.lang.String, com.taobao.agoo.IRegister) (Taobao:80)
2019-08-19 09:51:27.537 14288-14378/? I/enter:CocosGam:     at void com.umeng.message.PushAgent$2.run() (PushAgent.java:169)
2019-08-19 09:51:27.537 14288-14378/? I/enter:CocosGam:     at java.lang.Object java.util.concurrent.Executors$RunnableAdapter.call() (Executors.java:458)
2019-08-19 09:51:27.537 14288-14378/? I/enter:CocosGam:     at void java.util.concurrent.FutureTask.run() (FutureTask.java:266)
2019-08-19 09:51:27.537 14288-14378/? I/enter:CocosGam:     at void java.util.concurrent.ScheduledThreadPoolExecutor$ScheduledFutureTask.run() (ScheduledThreadPoolExecutor.java:301)
2019-08-19 09:51:27.537 14288-14378/? I/enter:CocosGam:     at void java.util.concurrent.ThreadPoolExecutor.runWorker(java.util.concurrent.ThreadPoolExecutor$Worker) (ThreadPoolExecutor.java:1167)
2019-08-19 09:51:27.537 14288-14378/? I/enter:CocosGam:     at void java.util.concurrent.ThreadPoolExecutor$Worker.run() (ThreadPoolExecutor.java:641)
2019-08-19 09:51:27.537 14288-14378/? I/enter:CocosGam:     at void java.lang.Thread.run() (Thread.java:784)
2019-08-19 09:51:27.538 14288-14378/? I/enter:CocosGam: Rejecting re-init on previously-failed class java.lang.Class<com.taobao.accs.utl.h$a>: java.lang.NoClassDefFoundError: Failed resolution of: Lcom/taobao/orange/OrangeConfigListenerV1;
2019-08-19 09:51:27.538 14288-14378/? I/enter:CocosGam:     at java.lang.Object java.lang.reflect.Constructor.newInstance0(java.lang.Object[]) (Constructor.java:-2)
2019-08-19 09:51:27.538 14288-14378/? I/enter:CocosGam:     at java.lang.Object java.lang.reflect.Constructor.newInstance(java.lang.Object[]) (Constructor.java:343)
2019-08-19 09:51:27.538 14288-14378/? I/enter:CocosGam:     at com.taobao.accs.b com.taobao.accs.ACCSManager.createAccsInstance(android.content.Context, java.lang.String) (Taobao:442)
2019-08-19 09:51:27.538 14288-14378/? I/enter:CocosGam:     at com.taobao.accs.b com.taobao.accs.ACCSManager.getAccsInstance(android.content.Context, java.lang.String, java.lang.String) (Taobao:426)
2019-08-19 09:51:27.538 14288-14378/? I/enter:CocosGam:     at void com.taobao.agoo.TaobaoRegister.register(android.content.Context, java.lang.String, java.lang.String, java.lang.String, java.lang.String, com.taobao.agoo.IRegister) (Taobao:125)
2019-08-19 09:51:27.538 14288-14378/? I/enter:CocosGam:     at void com.taobao.agoo.TaobaoRegister.register(android.content.Context, java.lang.String, java.lang.String, java.lang.String, com.taobao.agoo.IRegister) (Taobao:80)
2019-08-19 09:51:27.538 14288-14378/? I/enter:CocosGam:     at void com.umeng.message.PushAgent$2.run() (PushAgent.java:169)
2019-08-19 09:51:27.538 14288-14378/? I/enter:CocosGam:     at java.lang.Object java.util.concurrent.Executors$RunnableAdapter.call() (Executors.java:458)
2019-08-19 09:51:27.538 14288-14378/? I/enter:CocosGam:     at void java.util.concurrent.FutureTask.run() (FutureTask.java:266)
2019-08-19 09:51:27.538 14288-14378/? I/enter:CocosGam:     at void java.util.concurrent.ScheduledThreadPoolExecutor$ScheduledFutureTask.run() (ScheduledThreadPoolExecutor.java:301)
2019-08-19 09:51:27.538 14288-14378/? I/enter:CocosGam:     at void java.util.concurrent.ThreadPoolExecutor.runWorker(java.util.concurrent.ThreadPoolExecutor$Worker) (ThreadPoolExecutor.java:1167)
2019-08-19 09:51:27.538 14288-14378/? I/enter:CocosGam:     at void java.util.concurrent.ThreadPoolExecutor$Worker.run() (ThreadPoolExecutor.java:641)
2019-08-19 09:51:27.538 14288-14378/? I/enter:CocosGam:     at void java.lang.Thread.run() (Thread.java:784)
2019-08-19 09:51:27.538 14288-14378/? I/enter:CocosGam: Caused by: java.lang.ClassNotFoundException: Didn't find class "com.taobao.orange.OrangeConfigListenerV1" on path: DexPathList[[zip file "/system/framework/org.apache.http.legacy.boot.jar", zip file "/data/app/mobi.soulgame.littlegamecenter-m1biHustU52GCnbByp7p1Q==/base.apk"],nativeLibraryDirectories=[/data/app/mobi.soulgame.littlegamecenter-m1biHustU52GCnbByp7p1Q==/lib/arm, /data/app/mobi.soulgame.littlegamecenter-m1biHustU52GCnbByp7p1Q==/base.apk!/lib/armeabi-v7a, /system/lib, /product/lib]]
2019-08-19 09:51:27.538 14288-14378/? I/enter:CocosGam:     at java.lang.Class dalvik.system.BaseDexClassLoader.findClass(java.lang.String) (BaseDexClassLoader.java:134)
2019-08-19 09:51:27.538 14288-14378/? I/enter:CocosGam:     at java.lang.Class java.lang.ClassLoader.loadClass(java.lang.String, boolean) (ClassLoader.java:379)
2019-08-19 09:51:27.538 14288-14378/? I/enter:CocosGam:     at java.lang.Class java.lang.ClassLoader.loadClass(java.lang.String) (ClassLoader.java:312)
2019-08-19 09:51:27.538 14288-14378/? I/enter:CocosGam:     at java.lang.Object java.lang.reflect.Constructor.newInstance0(java.lang.Object[]) (Constructor.java:-2)
2019-08-19 09:51:27.538 14288-14378/? I/enter:CocosGam:     at java.lang.Object java.lang.reflect.Constructor.newInstance(java.lang.Object[]) (Constructor.java:343)
2019-08-19 09:51:27.538 14288-14378/? I/enter:CocosGam:     at com.taobao.accs.b com.taobao.accs.ACCSManager.createAccsInstance(android.content.Context, java.lang.String) (Taobao:442)
2019-08-19 09:51:27.538 14288-14378/? I/enter:CocosGam:     at com.taobao.accs.b com.taobao.accs.ACCSManager.getAccsInstance(android.content.Context, java.lang.String, java.lang.String) (Taobao:426)
2019-08-19 09:51:27.538 14288-14378/? I/enter:CocosGam:     at void com.taobao.agoo.TaobaoRegister.register(android.content.Context, java.lang.String, java.lang.String, java.lang.String, java.lang.String, com.taobao.agoo.IRegister) (Taobao:125)
2019-08-19 09:51:27.538 14288-14378/? I/enter:CocosGam:     at void com.taobao.agoo.TaobaoRegister.register(android.content.Context, java.lang.String, java.lang.String, java.lang.String, com.taobao.agoo.IRegister) (Taobao:80)
2019-08-19 09:51:27.538 14288-14378/? I/enter:CocosGam:     at void com.umeng.message.PushAgent$2.run() (PushAgent.java:169)
2019-08-19 09:51:27.538 14288-14378/? I/enter:CocosGam:     at java.lang.Object java.util.concurrent.Executors$RunnableAdapter.call() (Executors.java:458)
2019-08-19 09:51:27.538 14288-14378/? I/enter:CocosGam:     at void java.util.concurrent.FutureTask.run() (FutureTask.java:266)
2019-08-19 09:51:27.538 14288-14378/? I/enter:CocosGam:     at void java.util.concurrent.ScheduledThreadPoolExecutor$ScheduledFutureTask.run() (ScheduledThreadPoolExecutor.java:301)
2019-08-19 09:51:27.538 14288-14378/? I/enter:CocosGam:     at void java.util.concurrent.ThreadPoolExecutor.runWorker(java.util.concurrent.ThreadPoolExecutor$Worker) (ThreadPoolExecutor.java:1167)
2019-08-19 09:51:27.538 14288-14378/? I/enter:CocosGam:     at void java.util.concurrent.ThreadPoolExecutor$Worker.run() (ThreadPoolExecutor.java:641)
2019-08-19 09:51:27.538 14288-14378/? I/enter:CocosGam:     at void java.lang.Thread.run() (Thread.java:784)
2019-08-19 09:51:27.538 605-3078/? E/uniperfserver: uniPerfEvent doParse failed, cmdId=4400
2019-08-19 09:51:27.538 605-3078/? D/uniperfhal: do uniPerfEvent failed, cmdId=4400, ret=2
2019-08-19 09:51:27.541 14288-14288/? I/enter:CocosGam: The ClassLoaderContext is a special shared library.
2019-08-19 09:51:27.542 14288-14288/? W/Thread-8: type=1400 audit(0.0:3871): avc: granted { create } for name=".mcli" scontext=u:r:untrusted_app:s0:c145,c258,c512,c768 tcontext=u:object_r:sdcardfs:s0:c145,c258,c512,c768 tclass=file
2019-08-19 09:51:27.551 628-628/? D/Layer: Skip in Layer::computeScreenBounds 1
2019-08-19 09:51:27.553 628-628/? I/chatty: uid=1000(system) /system/bin/surfaceflinger identical 10 lines
2019-08-19 09:51:27.553 628-628/? D/Layer: Skip in Layer::computeScreenBounds 1
2019-08-19 09:51:27.555 21279-21456/? W/libEGL: EGLNativeWindowType 0xae3b8808 disconnect failed
2019-08-19 09:51:27.561 14288-14389/? D/FileCheckUtils: st.getAvailableBlocks()=6218213,st.getAvailableBlocks() * blockSize=25469800448
2019-08-19 09:51:27.564 14288-14288/? I/crash_recorder: JNI_OnLoad at vm:0xe3a953e0
2019-08-19 09:51:27.565 14288-14288/? I/crash_recorder: starting registerNativeSignalAction...
2019-08-19 09:51:27.568 628-628/? D/Layer: Skip in Layer::computeScreenBounds 1
2019-08-19 09:51:27.569 628-628/? I/chatty: uid=1000(system) /system/bin/surfaceflinger identical 8 lines
2019-08-19 09:51:27.569 628-628/? D/Layer: Skip in Layer::computeScreenBounds 1
2019-08-19 09:51:27.584 14288-14306/? E/MemoryLeakMonitorManager: MemoryLeakMonitor.jar is not exist!
2019-08-19 09:51:27.585 628-628/? D/Layer: Skip in Layer::computeScreenBounds 1
2019-08-19 09:51:27.585 628-628/? I/chatty: uid=1000(system) /system/bin/surfaceflinger identical 8 lines
2019-08-19 09:51:27.585 628-628/? D/Layer: Skip in Layer::computeScreenBounds 1
2019-08-19 09:51:27.585 14288-14288/? D/ZrHung.AppEyeUiProbe: notify runnable to start.
2019-08-19 09:51:27.587 14288-14402/? D/ZrHung.AppEyeUiProbe: Runnable thread started.
2019-08-19 09:51:27.587 14288-14288/? V/ActivityThread: Skipping new config:{1.0 460mcc2mnc [zh_CN_#Hans] ldltr sw360dp w360dp h709dp 480dpi nrml long hdr port finger -keyb/v/h -nav/h winConfig={ mBounds=Rect(0, 0 - 0, 0) mAppBounds=Rect(0, 90 - 1080, 2218) mWindowingMode=fullscreen mActivityType=undefined} nonFullScreen=0 suim:1 s.8}, config:{1.0 460mcc2mnc [zh_CN_#Hans] ldltr sw360dp w360dp h709dp 480dpi nrml long hdr port finger -keyb/v/h -nav/h winConfig={ mBounds=Rect(0, 0 - 0, 0) mAppBounds=Rect(0, 90 - 1080, 2218) mWindowingMode=fullscreen mActivityType=undefined} nonFullScreen=0 suim:1 s.8} for app:mobi.soulgame.littlegamecenter
2019-08-19 09:51:27.588 14288-14402/? D/IMonitor: Load library imonitor_jni
2019-08-19 09:51:27.593 14288-14288/? V/HwPolicyFactory: : success to get AllImpl object and return....
2019-08-19 09:51:27.595 14288-14288/? V/ActivityThread: callActivityOnCreate
2019-08-19 09:51:27.596 14288-14288/? D/Cocos2dxActivity: Cocos2dxActivity onCreate: mobi.soulgame.littlegamecenter.cocos.activity.CocosAcvity@e81b43f, savedInstanceState: null
2019-08-19 09:51:27.596 14288-14288/? I/<=ActivityLifecycle=>: onActivityCreated()mobi.soulgame.littlegamecenter.cocos.activity.CocosAcvity:mobi.soulgame.littlegamecenter.cocos.activity.CocosAcvity@e81b43f
2019-08-19 09:51:27.596 14288-14288/? I/ActivityStack: pushInstance:CocosAcvity
2019-08-19 09:51:27.596 14288-14288/? I/ActivityStack: stack_bottom->CocosAcvity->stack_head
2019-08-19 09:51:27.599 14288-14288/? I/HwApsImpl: APS: new HwApsImpl created
2019-08-19 09:51:27.601 14288-14288/? I/hwaps: HwAps: JNI_OnLoad
2019-08-19 09:51:27.601 628-628/? D/Layer: Skip in Layer::computeScreenBounds 1
2019-08-19 09:51:27.602 628-628/? I/chatty: uid=1000(system) /system/bin/surfaceflinger identical 8 lines
2019-08-19 09:51:27.602 628-628/? D/Layer: Skip in Layer::computeScreenBounds 1
2019-08-19 09:51:27.602 14288-14288/? D/HiTouch_PressGestureDetector: HiTouch on notch display, height corret:90
2019-08-19 09:51:27.603 14288-14288/? V/HwWidgetFactory: : successes to get AllImpl object and return....
2019-08-19 09:51:27.603 14288-14401/? I/enter:CocosGam: The ClassLoaderContext is a special shared library.
2019-08-19 09:51:27.607 14288-14401/? I/enter:CocosGam: The ClassLoaderContext is a special shared library.
2019-08-19 09:51:27.615 14288-14288/? I/CocosAnalytics: ==> enableLogging: false
2019-08-19 09:51:27.618 628-628/? D/Layer: Skip in Layer::computeScreenBounds 1
2019-08-19 09:51:27.618 628-628/? I/chatty: uid=1000(system) /system/bin/surfaceflinger identical 8 lines
2019-08-19 09:51:27.618 628-628/? D/Layer: Skip in Layer::computeScreenBounds 1
2019-08-19 09:51:27.627 21279-21440/? D/ZrHung.AppEyeUiProbe: Current Activity:false
2019-08-19 09:51:27.627 21279-21440/? D/ZrHung.AppEyeUiProbe: not watching, wait.
2019-08-19 09:51:27.631 14261-14261/? D/WorkSource: Insert in WorkSource{} @ 0 uid 10020 name com.google.android.gms
2019-08-19 09:51:27.635 628-628/? D/Layer: Skip in Layer::computeScreenBounds 1
2019-08-19 09:51:27.635 628-628/? I/chatty: uid=1000(system) /system/bin/surfaceflinger identical 8 lines
2019-08-19 09:51:27.635 628-628/? D/Layer: Skip in Layer::computeScreenBounds 1
2019-08-19 09:51:27.642 14261-14261/? D/WorkSource: Insert in WorkSource{} @ 0 uid 10020 name com.google.android.gms
2019-08-19 09:51:27.643 14288-14401/? E/libc: Access denied finding property "net.dns1"
2019-08-19 09:51:27.643 14261-14261/? D/WorkSource: Insert in WorkSource{} @ 0 uid 10020 name com.google.android.gms
2019-08-19 09:51:27.643 14288-14401/? E/libc: Access denied finding property "net.dns1"
2019-08-19 09:51:27.651 628-628/? D/Layer: Skip in Layer::computeScreenBounds 1
2019-08-19 09:51:27.652 628-628/? I/chatty: uid=1000(system) /system/bin/surfaceflinger identical 8 lines
2019-08-19 09:51:27.652 628-628/? D/Layer: Skip in Layer::computeScreenBounds 1
2019-08-19 09:51:27.655 14288-14288/? D/JniHelper: JniHelper::setJavaVM(0xe3a953e0), pthread_self() = -362814316
2019-08-19 09:51:27.655 14288-14288/? D/main: cocos_android_app_init
2019-08-19 09:51:27.655 14288-14288/? D/Cocos2dxHelper: isSupportLowLatency:false
2019-08-19 09:51:27.655 14288-14288/? V/AudioManager: getProperty  key: android.media.property.OUTPUT_SAMPLE_RATE
2019-08-19 09:51:27.656 615-814/? I/AudioFlinger: queryLowlatencyUid=10657 getParametersEx with result false
2019-08-19 09:51:27.657 14288-14414/? W/enter:CocosGam: resources.arsc in APK '/data/user/0/mobi.soulgame.littlegamecenter/app_tbs/core_share/res.apk' is compressed.
2019-08-19 09:51:27.658 14288-14288/? V/AudioManager: getProperty  key: android.media.property.OUTPUT_FRAMES_PER_BUFFER
2019-08-19 09:51:27.658 615-814/? I/AudioFlinger: queryLowlatencyUid=10657 getParametersEx with result false
2019-08-19 09:51:27.658 14288-14288/? D/Cocos2dxHelper: sampleRate: 48000, framesPerBuffer: 960
2019-08-19 09:51:27.659 14288-14288/? D/Java_org_cocos2dx_lib_Cocos2dxHelper.cpp: nativeSetAudioDeviceInfo: sampleRate: 48000, bufferSizeInFrames: 960
2019-08-19 09:51:27.664 14288-14414/? W/enter:CocosGam: resources.arsc in APK '/data/user/0/mobi.soulgame.littlegamecenter/app_tbs/core_share/res.apk' is compressed.
2019-08-19 09:51:27.665 14288-14288/? I/SoundPool: SoundPool constructor: maxChannels=5, attr.usage=1, attr.flags=0x0, attr.tags=
2019-08-19 09:51:27.668 628-628/? D/Layer: Skip in Layer::computeScreenBounds 1
2019-08-19 09:51:27.668 628-628/? I/chatty: uid=1000(system) /system/bin/surfaceflinger identical 1 line
2019-08-19 09:51:27.668 628-628/? D/Layer: Skip in Layer::computeScreenBounds 1
2019-08-19 09:51:27.668 615-814/? D/AudioFlinger: event 162 
2019-08-19 09:51:27.668 628-628/? D/Layer: Skip in Layer::computeScreenBounds 1
2019-08-19 09:51:27.668 1295-2835/? V/AudioService.PlaybackActivityMonitor: trackPlayer() new piid=231
2019-08-19 09:51:27.668 628-628/? D/Layer: Skip in Layer::computeScreenBounds 1
2019-08-19 09:51:27.668 628-628/? I/chatty: uid=1000(system) /system/bin/surfaceflinger identical 4 lines
2019-08-19 09:51:27.669 628-628/? D/Layer: Skip in Layer::computeScreenBounds 1
2019-08-19 09:51:27.676 14261-14261/? D/WorkSource: Insert in WorkSource{} @ 0 uid 10020 name com.google.android.gms
2019-08-19 09:51:27.679 14288-14414/? W/enter:CocosGam: resources.arsc in APK '/data/user/0/mobi.soulgame.littlegamecenter/app_tbs/core_share/res.apk' is compressed.
2019-08-19 09:51:27.681 14288-14414/? W/enter:CocosGam: resources.arsc in APK '/data/user/0/mobi.soulgame.littlegamecenter/app_tbs/core_share/res.apk' is compressed.
2019-08-19 09:51:27.683 14288-14401/? E/libc: Access denied finding property "net.dns1"
2019-08-19 09:51:27.683 14288-14414/? W/enter:CocosGam: resources.arsc in APK '/data/user/0/mobi.soulgame.littlegamecenter/app_tbs/core_share/res.apk' is compressed.
2019-08-19 09:51:27.685 628-628/? D/Layer: Skip in Layer::computeScreenBounds 1
2019-08-19 09:51:27.685 628-628/? I/chatty: uid=1000(system) /system/bin/surfaceflinger identical 8 lines
2019-08-19 09:51:27.685 628-628/? D/Layer: Skip in Layer::computeScreenBounds 1
2019-08-19 09:51:27.684 593-593/? I/HW_DISPLAY_EFFECT: hw_get_display_panel_type: panel info is blmax:9260,blmin:100,blmax_nit_actual:446,blmax_nit_standard:450,lcdtype:LCD,
2019-08-19 09:51:27.686 593-593/? I/HW_DISPLAY_EFFECT: hw_get_display_panel_type: lcd type is LCD
2019-08-19 09:51:27.686 14288-14288/? D/TextView: get Display Panel Type is : 0
2019-08-19 09:51:27.687 14288-14288/? D/OpenGLRenderer: Skia GL Pipeline
2019-08-19 09:51:27.688 14288-14288/? D/Cocos2dxActivity: model=COR-AL10
2019-08-19 09:51:27.688 14288-14288/? D/Cocos2dxActivity: product=COR-AL10
2019-08-19 09:51:27.688 14288-14288/? D/Cocos2dxActivity: isEmulator=false
2019-08-19 09:51:27.691 14261-14261/? D/WorkSource: Insert in WorkSource{} @ 0 uid 10020 name com.google.android.gms
2019-08-19 09:51:27.694 14261-14261/? D/WorkSource: Insert in WorkSource{} @ 0 uid 10020 name com.google.android.gms
2019-08-19 09:51:27.695 21279-21279/? D/multi_mai: Process,onCreate
2019-08-19 09:51:27.695 21279-21279/? D/multi_mai: VoiceMgr,addEventHandler=mobi.soulgame.littlegamecenter.ProcessService@c26bd84
2019-08-19 09:51:27.695 21279-21279/? D/multi_mai: addEventHandler-getSimpleName-ProcessService
2019-08-19 09:51:27.695 21279-21279/? D/multi_mai: ,addEventHandler-
2019-08-19 09:51:27.695 21279-21279/? D/multi_mai: addEventHandler--ProcessService
2019-08-19 09:51:27.695 14288-14288/? D/LogUtils: {"uid":"101032","gameId":"340","gameName":"2048","gameType":"1","gamePath":"\/data\/user\/0\/mobi.soulgame.littlegamecenter\/files\/littleGame.output.nomedia\/CNum","screen_orientation":"portrait","gameScore":58880,"userDate":[{"uid":"101032","name":"","sex":"2","headImg":"http:\/\/xiaoyouxi-1251952444.image.myqcloud.com\/avartar\/upload_101032_1_t15658625946290_5d552ac2998fb.png","isRobot":false}],"gameVoice":true,"fromGo":false,"isTeam":false,"fromTeam":false,"roomId":"","pkId":"0","host":0,"ip":"http:\/\/magic-test.soulgame.mobi","showAd":"1","platform_cal":"0"}
2019-08-19 09:51:27.702 628-628/? D/Layer: Skip in Layer::computeScreenBounds 1
2019-08-19 09:51:27.702 628-628/? I/chatty: uid=1000(system) /system/bin/surfaceflinger identical 8 lines
2019-08-19 09:51:27.702 628-628/? D/Layer: Skip in Layer::computeScreenBounds 1
2019-08-19 09:51:27.714 14261-14261/? D/WorkSource: Insert in WorkSource{} @ 0 uid 10020 name com.google.android.gms
2019-08-19 09:51:27.717 14261-14261/? I/chatty: uid=10020 com.google.android.gms.persistent identical 3 lines
2019-08-19 09:51:27.718 14261-14261/? D/WorkSource: Insert in WorkSource{} @ 0 uid 10020 name com.google.android.gms
2019-08-19 09:51:27.718 628-628/? D/Layer: Skip in Layer::computeScreenBounds 1
2019-08-19 09:51:27.719 628-628/? I/chatty: uid=1000(system) /system/bin/surfaceflinger identical 6 lines
2019-08-19 09:51:27.719 628-628/? D/Layer: Skip in Layer::computeScreenBounds 1
2019-08-19 09:51:27.721 1767-1767/? W/HwKeyguardDragHelper: AnimationBlocked 
2019-08-19 09:51:27.722 1767-1767/? I/PhoneStatusBarView: setAlpha with value : 1.0
2019-08-19 09:51:27.722 1767-1767/? I/PhoneStatusBarView: setAlpha with value : 1.0
2019-08-19 09:51:27.730 14261-14261/? D/WorkSource: Insert in WorkSource{} @ 0 uid 10020 name com.google.android.gms
2019-08-19 09:51:27.733 14261-14261/? I/chatty: uid=10020 com.google.android.gms.persistent identical 1 line
2019-08-19 09:51:27.734 14261-14261/? D/WorkSource: Insert in WorkSource{} @ 0 uid 10020 name com.google.android.gms
2019-08-19 09:51:27.735 628-628/? D/Layer: Skip in Layer::computeScreenBounds 1
2019-08-19 09:51:27.735 628-628/? I/chatty: uid=1000(system) /system/bin/surfaceflinger identical 2 lines
2019-08-19 09:51:27.735 628-628/? D/Layer: Skip in Layer::computeScreenBounds 1
2019-08-19 09:51:27.735 14261-14261/? D/WorkSource: Insert in WorkSource{} @ 0 uid 10020 name com.google.android.gms
2019-08-19 09:51:27.735 628-628/? D/Layer: Skip in Layer::computeScreenBounds 1
2019-08-19 09:51:27.735 628-628/? I/chatty: uid=1000(system) /system/bin/surfaceflinger identical 2 lines
2019-08-19 09:51:27.736 628-628/? D/Layer: Skip in Layer::computeScreenBounds 1
2019-08-19 09:51:27.737 1295-2835/? D/PGGoogleServicePolicy: prevent gms/gsf hold partial wakelock
2019-08-19 09:51:27.748 1295-2835/? D/PGGoogleServicePolicy: prevent gms/gsf hold partial wakelock
2019-08-19 09:51:27.759 14288-14288/? D/NetWorkLogicManager: SingleLogBeginRequest -->  http://magic-test.soulgame.mobi/single/log-begin?game_id=340&timestamp=1566179487&nonce=777550&sign=2ce048fff8184ed6c723f617158105f4
2019-08-19 09:51:27.764 14288-14288/? D/ActivityThread: add activity client record, r= ActivityRecord{5a8fce7 token=android.os.BinderProxy@8532ce3 {mobi.soulgame.littlegamecenter/mobi.soulgame.littlegamecenter.cocos.activity.CocosAcvity}} token= android.os.BinderProxy@8532ce3
2019-08-19 09:51:27.767 14288-14288/? I/<=ActivityLifecycle=>: onActivityStarted()mobi.soulgame.littlegamecenter.cocos.activity.CocosAcvity:mobi.soulgame.littlegamecenter.cocos.activity.CocosAcvity@e81b43f
2019-08-19 09:51:27.767 14288-14288/? I/ActivityStack: App resume
2019-08-19 09:51:27.767 14288-14288/? D/ZrHung.AppEyeUiProbe: notify runnable to start.
2019-08-19 09:51:27.770 14288-14288/? D/Cocos2dxActivity: onResume()
2019-08-19 09:51:27.771 14288-14288/? I/<=ActivityLifecycle=>: onActivityResumed()mobi.soulgame.littlegamecenter.cocos.activity.CocosAcvity:mobi.soulgame.littlegamecenter.cocos.activity.CocosAcvity@e81b43f
2019-08-19 09:51:27.772 14288-14288/? V/AudioManager: requestAudioFocus  streamType: 3  durationHint: 1
2019-08-19 09:51:27.772 14288-14288/? V/AudioManager: registerAudioFocusListener...
2019-08-19 09:51:27.774 1295-8128/? I/MediaFocusControl: requestAudioFocus() from uid/pid 10657/14288 clientId=android.media.AudioManager@e039b32org.cocos2dx.lib.Cocos2dxAudioFocusManager$1@b7e8083 callingPack=mobi.soulgame.littlegamecenter req=1 flags=0x0 sdk=28
2019-08-19 09:51:27.774 1295-8128/? I/HwPCUtils#HwMediaFocusControl: isMediaForDPExternalDisplay aa = AudioAttributes: usage=USAGE_MEDIA content=CONTENT_TYPE_MUSIC flags=0x0 tags= bundle=null, clientId = android.media.AudioManager@e039b32org.cocos2dx.lib.Cocos2dxAudioFocusManager$1@b7e8083, pkgName = mobi.soulgame.littlegamecenter, mInDestopMode = false, uid = 10657
2019-08-19 09:51:27.774 1295-8128/? I/HwPCUtils#MediaFocusControl:  requestAudioFocus isInExternalDisplay = false
2019-08-19 09:51:27.774 1295-8128/? V/AudioService.PlaybackActivityMonitor: unduckPlayers: uids winner=10657
2019-08-19 09:51:27.774 1295-8128/? V/AudioService.PlaybackActivityMonitor: DuckingManager: unduckUid() uid:10657
2019-08-19 09:51:27.774 14288-14288/? D/AudioFocusManager: requestAudioFocus succeed
2019-08-19 09:51:27.775 1944-2063/? D/PGAudioState: audio focus pkg: mobi.soulgame.littlegamecenter from pid: 1295
2019-08-19 09:51:27.775 1944-2063/? I/AppManager: audio start play: mobi.soulgame.littlegamecenter
2019-08-19 09:51:27.780 1295-1304/? I/system_server: Background concurrent copying GC freed 553825(25MB) AllocSpace objects, 4(336KB) LOS objects, 31% free, 52MB/76MB, paused 472us total 331.913ms
2019-08-19 09:51:27.787 14261-14361/? W/GCoreFlp: No location to return for getLastLocation()
2019-08-19 09:51:27.789 1295-6710/? D/PGGoogleServicePolicy: prevent gms/gsf hold partial wakelock
2019-08-19 09:51:27.789 14288-14288/? D/HwAppInnerBoostImpl: set config for mobi.soulgame.littlegamecenter BOOST_FLAG=true REPORT_DURATION_CLICK=1000 REPORT_TIMES_CLICK=3 REPORT_DURATION_SLIDE=5000 REPORT_TIMES_SLIDE=16
2019-08-19 09:51:27.789 14288-14288/? D/OpenGLRenderer:   HWUI Binary is  enabled
2019-08-19 09:51:27.789 14288-14288/? D/OpenGLRenderer: disableOutlineDraw is true
2019-08-19 09:51:27.797 14261-14261/? D/WorkSource: Insert in WorkSource{} @ 0 uid 10020 name com.google.android.gms
2019-08-19 09:51:27.798 1295-1321/? W/HwAlarmManagerService: isContainsAppUidInWorksource-->happend NameNotFoundException
2019-08-19 09:51:27.800 14261-14287/? I/GeofencerStateMachine: Network location disabled.
2019-08-19 09:51:27.803 14288-14333/? I/=<ADInitEventCallBack>=: success!
2019-08-19 09:51:27.805 1295-2638/? V/WindowManager: addWindow: Window{4273148 u0 mobi.soulgame.littlegamecenter/mobi.soulgame.littlegamecenter.cocos.activity.CocosAcvity}
2019-08-19 09:51:27.806 1295-8128/? D/HISTREAM_WECHAT: activityResumed:pid=14288, uid=10657, component=ComponentInfo{mobi.soulgame.littlegamecenter/mobi.soulgame.littlegamecenter.cocos.activity.CocosAcvity}
2019-08-19 09:51:27.806 1295-8128/? D/HiData_HwAPPQoEResourceMangerImpl: checkIsMonitorVideoScence input :mobi.soulgame.littlegamecenter,mobi.soulgame.littlegamecenter.cocos.activity.CocosAcvity
2019-08-19 09:51:27.806 1295-8128/? D/HISTREAM_WECHAT: mHwAPPQoEAPKConfig is null
2019-08-19 09:51:27.806 1295-8128/? D/HwGameAssistantController: pid=14288, uid=10657, component=ComponentInfo{mobi.soulgame.littlegamecenter/mobi.soulgame.littlegamecenter.cocos.activity.CocosAcvity}
2019-08-19 09:51:27.807 1295-1329/? W/HwActivityManagerServiceEx: HwActivityNotifier end call android.app.IHwActivityNotifier$Stub$Proxy@cfb07c5 for activityLifeState under user 0 cost 0
2019-08-19 09:51:27.807 1295-1344/? D/HwGameAssistantController: UPDATE: mCurFgPkg=mobi.soulgame.littlegamecenter, mCurFgPid=14288, mCurIsGame=false
2019-08-19 09:51:27.808 1905-2716/? I/OPCollectLog: AppChangeImpl:pid: 14288 uid: 10657 pkg: mobi.soulgame.littlegamecenter class: mobi.soulgame.littlegamecenter.cocos.activity.CocosAcvity
2019-08-19 09:51:27.808 1905-2716/? E/OPCollectLog: HwForegroundAppAction:duplicate pkgName.
2019-08-19 09:51:27.808 1295-6096/? D/HiData_HwAPPQoEActivityMonitor: handleActivityChange,  curPackage:mobi.soulgame.littlegamecenter, curClass:mobi.soulgame.littlegamecenter.cocos.activity.CocosAcvity
2019-08-19 09:51:27.808 1295-6096/? D/HiData_HwAPPQoEResourceMangerImpl: checkIsMonitorAPKScence input :mobi.soulgame.littlegamecenter,mobi.soulgame.littlegamecenter.cocos.activity.CocosAcvity
2019-08-19 09:51:27.808 1295-6096/? D/HiData_HwAPPQoEResourceMangerImpl: checkIsMonitorAPKScence input :mobi.soulgame.littlegamecenter,null
2019-08-19 09:51:27.808 1295-6096/? D/HiData_HwAPPQoEResourceMangerImpl: checkIsMonitorGameScence input :mobi.soulgame.littlegamecenter
2019-08-19 09:51:27.810 1295-6096/? D/HiData_HwAPPQoEActivityMonitor: handleActivityChange, it is not a care app or scence
2019-08-19 09:51:27.810 1295-6096/? D/HiData_HwAPPQoEActivityMonitor: handleActivityChange,  curr mAppType:-1, lastType:-1
2019-08-19 09:51:27.813 1295-6719/? D/PackageManager: resolve intent for uid:10657, matchs:3, res:ResolveInfo{62219f4 com.huawei.android.launcher/.unihome.UniHomeLauncher m=0x108000}
2019-08-19 09:51:27.814 1295-6710/? I/LocationManagerService: getAllProviders()=[passive, gps, network]
2019-08-19 09:51:27.815 14288-14451/? I/HiTouch_HiTouchSensor: enabledInPad = false,isPcCastMode = false
2019-08-19 09:51:27.816 1295-8128/? I/WindowManager: relayoutVisibleWindow: set isFormatChanged
2019-08-19 09:51:27.818 628-628/? D/Layer: Skip in Layer::computeScreenBounds 1
2019-08-19 09:51:27.818 628-628/? I/chatty: uid=1000(system) /system/bin/surfaceflinger identical 1 line
2019-08-19 09:51:27.818 628-628/? D/Layer: Skip in Layer::computeScreenBounds 1
2019-08-19 09:51:27.818 1295-8128/? V/HwPhoneWindowManager: updateSystemUiColorLw window=Window{4273148 u0 mobi.soulgame.littlegamecenter/mobi.soulgame.littlegamecenter.cocos.activity.CocosAcvity},EmuiStyle=0,StatusBarColor=0xff000000,NavigationBarColor=0xffffff, mLastIsEmuiLightStyle=-1, mForceNotchStatusBar=false
2019-08-19 09:51:27.818 628-628/? D/Layer: Skip in Layer::computeScreenBounds 1
2019-08-19 09:51:27.818 628-628/? I/chatty: uid=1000(system) /system/bin/surfaceflinger identical 2 lines
2019-08-19 09:51:27.818 628-628/? D/Layer: Skip in Layer::computeScreenBounds 1
2019-08-19 09:51:27.818 1295-1332/? D/HwPhoneWindowManager: Transact:setSystemUIColor to status bar service
2019-08-19 09:51:27.819 1767-2561/? I/CommandQueue: updateBarBgColor
2019-08-19 09:51:27.819 1767-2561/? D/CommandQueue: CommandQueue, setBarBackgroundColor
2019-08-19 09:51:27.819 1295-8128/? D/ZrHung.AppEyeFocusWindow: FocusWindowErrorScene cancelCheckFreezeScreen
2019-08-19 09:51:27.819 1295-8128/? D/ZrHung.AppEyeTransparentWindow: TransparentWindow mHungConfigStatus = 0,mHungConfigEnable = 1
2019-08-19 09:51:27.819 1295-6710/? W/System.err: java.lang.SecurityException: "passive" location provider requires ACCESS_FINE_LOCATION permission.
2019-08-19 09:51:27.819 1767-1767/? D/TintManager: statusBarIconTint=99ffffff,navigationBarIconTint=99000000
2019-08-19 09:51:27.819 1295-6710/? W/System.err:     at com.android.server.LocationManagerService.checkResolutionLevelIsSufficientForProviderUse(LocationManagerService.java:1811)
2019-08-19 09:51:27.819 1295-6710/? W/System.err:     at com.android.server.LocationManagerService.requestLocationUpdates(LocationManagerService.java:2457)
2019-08-19 09:51:27.819 1295-6710/? W/System.err:     at android.location.ILocationManager$Stub.onTransact(ILocationManager.java:72)
2019-08-19 09:51:27.819 1295-6710/? W/System.err:     at com.android.server.HwLocationManagerService.onTransact(HwLocationManagerService.java:1218)
2019-08-19 09:51:27.819 1295-6710/? W/System.err:     at android.os.Binder.execTransact(Binder.java:739)
2019-08-19 09:51:27.820 14261-14361/? E/LocationManagerCompat: Unable to assign LocationManager blame through WorkSource
    java.lang.SecurityException: "passive" location provider requires ACCESS_FINE_LOCATION permission.
        at android.os.Parcel.createException(Parcel.java:1953)
        at android.os.Parcel.readException(Parcel.java:1921)
        at android.os.Parcel.readException(Parcel.java:1871)
        at android.location.ILocationManager$Stub$Proxy.requestLocationUpdates(ILocationManager.java:755)
        at android.location.LocationManager.requestLocationUpdates(LocationManager.java:1155)
        at android.location.LocationManager.requestLocationUpdates(LocationManager.java:1075)
        at bhep.a(:com.google.android.gms@17785039@17.7.85 (100408-253824076):2)
        at bheo.a(Unknown Source:0)
        at bfxi.a(:com.google.android.gms@17785039@17.7.85 (100408-253824076):8)
        at bfxh.f(Unknown Source:7)
        at bfxh.c(:com.google.android.gms@17785039@17.7.85 (100408-253824076):2)
        at com.google.android.location.fused.FusionEngine.a(:com.google.android.gms@17785039@17.7.85 (100408-253824076):108)
        at bfuk.a(:com.google.android.gms@17785039@17.7.85 (100408-253824076):16)
        at bfrq.a(:com.google.android.gms@17785039@17.7.85 (100408-253824076):5)
        at bfrj.a(:com.google.android.gms@17785039@17.7.85 (100408-253824076):5)
        at bftm.a(:com.google.android.gms@17785039@17.7.85 (100408-253824076):12)
        at com.google.android.location.fused.StationaryThrottlingEngine.a(:com.google.android.gms@17785039@17.7.85 (100408-253824076):12)
        at bfrd.a(:com.google.android.gms@17785039@17.7.85 (100408-253824076):5)
        at bfun.a(:com.google.android.gms@17785039@17.7.85 (100408-253824076):3)
        at com.google.android.location.fused.StationaryThrottlingEngine.a(:com.google.android.gms@17785039@17.7.85 (100408-253824076):12)
        at bfvs.a(:com.google.android.gms@17785039@17.7.85 (100408-253824076):3)
        at bfrf.a(:com.google.android.gms@17785039@17.7.85 (100408-253824076):2)
        at bfuw.a(:com.google.android.gms@17785039@17.7.85 (100408-253824076):1)
        at bfvg.handleMessage(:com.google.android.gms@17785039@17.7.85 (100408-253824076):4)
        at android.os.Handler.dispatchMessage(Handler.java:109)
        at aeze.a(:com.google.android.gms@17785039@17.7.85 (100408-253824076):3)
        at aeze.dispatchMessage(:com.google.android.gms@17785039@17.7.85 (100408-253824076):4)
        at bhfa.a(:com.google.android.gms@17785039@17.7.85 (100408-253824076):5)
        at aeze.dispatchMessage(:com.google.android.gms@17785039@17.7.85 (100408-253824076):4)
        at android.os.Looper.loop(Looper.java:207)
        at android.os.HandlerThread.run(HandlerThread.java:65)
     Caused by: android.os.RemoteException: Remote stack trace:
        at com.android.server.LocationManagerService.checkResolutionLevelIsSufficientForProviderUse(LocationManagerService.java:1811)
        at com.android.server.LocationManagerService.requestLocationUpdates(LocationManagerService.java:2457)
        at android.location.ILocationManager$Stub.onTransact(ILocationManager.java:72)
        at com.android.server.HwLocationManagerService.onTransact(HwLocationManagerService.java:1218)
        at android.os.Binder.execTransact(Binder.java:739)
2019-08-19 09:51:27.821 1295-8128/? W/System.err: java.lang.SecurityException: "passive" location provider requires ACCESS_FINE_LOCATION permission.
2019-08-19 09:51:27.821 1295-8128/? W/System.err:     at com.android.server.LocationManagerService.checkResolutionLevelIsSufficientForProviderUse(LocationManagerService.java:1811)
2019-08-19 09:51:27.821 1295-8128/? W/System.err:     at com.android.server.LocationManagerService.requestLocationUpdates(LocationManagerService.java:2457)
2019-08-19 09:51:27.821 1295-8128/? W/System.err:     at android.location.ILocationManager$Stub.onTransact(ILocationManager.java:72)
2019-08-19 09:51:27.821 1295-8128/? W/System.err:     at com.android.server.HwLocationManagerService.onTransact(HwLocationManagerService.java:1218)
2019-08-19 09:51:27.821 1295-8128/? W/System.err:     at android.os.Binder.execTransact(Binder.java:739)
2019-08-19 09:51:27.825 14261-14361/? E/AndroidRuntime: FATAL EXCEPTION: FlpThread
    Process: com.google.android.gms.persistent, PID: 14261
    java.lang.SecurityException: "passive" location provider requires ACCESS_FINE_LOCATION permission.
        at android.os.Parcel.createException(Parcel.java:1953)
        at android.os.Parcel.readException(Parcel.java:1921)
        at android.os.Parcel.readException(Parcel.java:1871)
        at android.location.ILocationManager$Stub$Proxy.requestLocationUpdates(ILocationManager.java:755)
        at android.location.LocationManager.requestLocationUpdates(LocationManager.java:1155)
        at android.location.LocationManager.requestLocationUpdates(LocationManager.java:741)
        at bhem.a(:com.google.android.gms@17785039@17.7.85 (100408-253824076):9)
        at bhep.a(:com.google.android.gms@17785039@17.7.85 (100408-253824076):3)
        at bheo.a(Unknown Source:0)
        at bfxi.a(:com.google.android.gms@17785039@17.7.85 (100408-253824076):8)
        at bfxh.f(Unknown Source:7)
        at bfxh.c(:com.google.android.gms@17785039@17.7.85 (100408-253824076):2)
        at com.google.android.location.fused.FusionEngine.a(:com.google.android.gms@17785039@17.7.85 (100408-253824076):108)
        at bfuk.a(:com.google.android.gms@17785039@17.7.85 (100408-253824076):16)
